This is pdfTeX, Version 3.141592653-2.6-1.40.28 (MiKTeX 25.12) (preloaded format=pdflatex 2026.7.17)  30 JUL 2026 09:27
entering extended mode
 restricted \write18 enabled.
 file:line:error style messages enabled.
 %&-line parsing enabled.
**"c:/Users/Clément/Documents/CMI/M1/S2/Nakashima Lab/Report/Internship-Report-Nakashima-Lab-VE/main.tex"
(c:/Users/Clément/Documents/CMI/M1/S2/Nakashima Lab/Report/Internship-Report-Nakashima-Lab-VE/main.tex
LaTeX2e <2025-11-01>
L3 programming layer <2025-12-24>
(tropLaClasse.cls (C:\Users\Clément\AppData\Local\Programs\MiKTeX\tex/latex/base\article.cls
Document Class: article 2025/01/22 v1.4n Standard LaTeX document class
(C:\Users\Clément\AppData\Local\Programs\MiKTeX\tex/latex/base\size11.clo
File: size11.clo 2025/01/22 v1.4n Standard LaTeX file (size option)
)
\c@part=\count275
\c@section=\count276
\c@subsection=\count277
\c@subsubsection=\count278
\c@paragraph=\count279
\c@subparagraph=\count280
\c@figure=\count281
\c@table=\count282
\abovecaptionskip=\skip49
\belowcaptionskip=\skip50
\bibindent=\dimen148
) (C:\Users\Clément\AppData\Local\Programs\MiKTeX\tex/generic/babel\babel.sty
Package: babel 2025/12/11 v25.17 The multilingual framework for LuaLaTeX, pdfLaTeX and XeLaTeX
\babel@savecnt=\count283
LaTeX Encoding Info:    Redeclaring text command \ij (encoding OT1) on input line 2068.
LaTeX Encoding Info:    Redeclaring text command \IJ (encoding OT1) on input line 2070.
LaTeX Encoding Info:    Redeclaring text command \ij (encoding T1) on input line 2072.
LaTeX Encoding Info:    Redeclaring text command \IJ (encoding T1) on input line 2073.
LaTeX Encoding Info:    Ignoring declaration for text command \ij (encoding ?) on input line 2074.
LaTeX Encoding Info:    Ignoring declaration for text command \IJ (encoding ?) on input line 2076.
LaTeX Encoding Info:    Ignoring declaration for text command \SS (encoding ?) on input line 2101.
\U@D=\dimen149
\l@unhyphenated=\language79
 (C:\Users\Clément\AppData\Local\Programs\MiKTeX\tex/generic/babel\txtbabel.def)
\bbl@readstream=\read2
\bbl@dirlevel=\count284
Package babel Info: Configuration files are deprecated, as
(babel)             they can break document portability.
(babel)             Reported on input line 4196.

*************************************
* Local config file bblopts.cfg used
*
(C:\Users\Clément\AppData\Local\Programs\MiKTeX\tex/latex/arabi\bblopts.cfg
File: bblopts.cfg 2005/09/08 v0.1 add Arabic and Farsi to "declared" options of babel
) (C:\Users\Clément\AppData\Local\Programs\MiKTeX\tex/generic/babel/locale/en\babel-english.tex)
Package babel Info: Importing font and identification data for english
(babel)             from babel-en.ini. Reported on input line 4320.
 (C:\Users\Clément\AppData\Local\Programs\MiKTeX\tex/latex/babel-english\english.ldf
Language: english 2017/06/06 v3.3r English support from the babel system
Package babel Info: Hyphen rules for 'canadian' set to \l@english
(babel)             (\language0). Reported on input line 102.
Package babel Info: Hyphen rules for 'australian' set to \l@ukenglish
(babel)             (\language73). Reported on input line 105.
Package babel Info: Hyphen rules for 'newzealand' set to \l@ukenglish
(babel)             (\language73). Reported on input line 108.
)) (C:\Users\Clément\AppData\Local\Programs\MiKTeX\tex/latex/base\inputenc.sty
Package: inputenc 2024/02/08 v1.3d Input encoding file
\inpenc@prehook=\toks17
\inpenc@posthook=\toks18
) (C:\Users\Clément\AppData\Local\Programs\MiKTeX\tex/latex/base\fontenc.sty
Package: fontenc 2025/07/18 v2.1d Standard LaTeX package
) (C:\Users\Clément\AppData\Local\Programs\MiKTeX\tex/latex/mathtools\mathtools.sty
Package: mathtools 2024/10/04 v1.31 mathematical typesetting tools
 (C:\Users\Clément\AppData\Local\Programs\MiKTeX\tex/latex/graphics\keyval.sty
Package: keyval 2022/05/29 v1.15 key=value parser (DPC)
\KV@toks@=\toks19
) (C:\Users\Clément\AppData\Local\Programs\MiKTeX\tex/latex/tools\calc.sty
Package: calc 2025/03/01 v4.3b Infix arithmetic (KKT,FJ)
\calc@Acount=\count285
\calc@Bcount=\count286
\calc@Adimen=\dimen150
\calc@Bdimen=\dimen151
\calc@Askip=\skip51
\calc@Bskip=\skip52
LaTeX Info: Redefining \setlength on input line 86.
LaTeX Info: Redefining \addtolength on input line 87.
\calc@Ccount=\count287
\calc@Cskip=\skip53
) (C:\Users\Clément\AppData\Local\Programs\MiKTeX\tex/latex/mathtools\mhsetup.sty
Package: mhsetup 2021/03/18 v1.4 programming setup (MH)
) (C:\Users\Clément\AppData\Local\Programs\MiKTeX\tex/latex/amsmath\amsmath.sty
Package: amsmath 2025/07/09 v2.17z AMS math features
\@mathmargin=\skip54

For additional information on amsmath, use the `?' option.
(C:\Users\Clément\AppData\Local\Programs\MiKTeX\tex/latex/amsmath\amstext.sty
Package: amstext 2024/11/17 v2.01 AMS text
 (C:\Users\Clément\AppData\Local\Programs\MiKTeX\tex/latex/amsmath\amsgen.sty
File: amsgen.sty 1999/11/30 v2.0 generic functions
\@emptytoks=\toks20
\ex@=\dimen152
)) (C:\Users\Clément\AppData\Local\Programs\MiKTeX\tex/latex/amsmath\amsbsy.sty
Package: amsbsy 1999/11/29 v1.2d Bold Symbols
\pmbraise@=\dimen153
) (C:\Users\Clément\AppData\Local\Programs\MiKTeX\tex/latex/amsmath\amsopn.sty
Package: amsopn 2022/04/08 v2.04 operator names
)
\inf@bad=\count288
LaTeX Info: Redefining \frac on input line 233.
\uproot@=\count289
\leftroot@=\count290
LaTeX Info: Redefining \overline on input line 398.
LaTeX Info: Redefining \colon on input line 409.
\classnum@=\count291
\DOTSCASE@=\count292
LaTeX Info: Redefining \ldots on input line 495.
LaTeX Info: Redefining \dots on input line 498.
LaTeX Info: Redefining \cdots on input line 619.
\Mathstrutbox@=\box53
\strutbox@=\box54
LaTeX Info: Redefining \big on input line 721.
LaTeX Info: Redefining \Big on input line 722.
LaTeX Info: Redefining \bigg on input line 723.
LaTeX Info: Redefining \Bigg on input line 724.
\big@size=\dimen154
LaTeX Font Info:    Redeclaring font encoding OML on input line 742.
LaTeX Font Info:    Redeclaring font encoding OMS on input line 743.
\macc@depth=\count293
LaTeX Info: Redefining \bmod on input line 904.
LaTeX Info: Redefining \pmod on input line 909.
LaTeX Info: Redefining \smash on input line 939.
LaTeX Info: Redefining \relbar on input line 969.
LaTeX Info: Redefining \Relbar on input line 970.
\c@MaxMatrixCols=\count294
\dotsspace@=\muskip17
\c@parentequation=\count295
\dspbrk@lvl=\count296
\tag@help=\toks21
\row@=\count297
\column@=\count298
\maxfields@=\count299
\andhelp@=\toks22
\eqnshift@=\dimen155
\alignsep@=\dimen156
\tagshift@=\dimen157
\tagwidth@=\dimen158
\totwidth@=\dimen159
\lineht@=\dimen160
\@envbody=\toks23
\multlinegap=\skip55
\multlinetaggap=\skip56
\mathdisplay@stack=\toks24
LaTeX Info: Redefining \[ on input line 2950.
LaTeX Info: Redefining \] on input line 2951.
)
\g_MT_multlinerow_int=\count300
\l_MT_multwidth_dim=\dimen161
\origjot=\skip57
\l_MT_shortvdotswithinadjustabove_dim=\dimen162
\l_MT_shortvdotswithinadjustbelow_dim=\dimen163
\l_MT_above_intertext_sep=\dimen164
\l_MT_below_intertext_sep=\dimen165
\l_MT_above_shortintertext_sep=\dimen166
\l_MT_below_shortintertext_sep=\dimen167
\xmathstrut@box=\box55
\xmathstrut@dim=\dimen168
) (C:\Users\Clément\AppData\Local\Programs\MiKTeX\tex/latex/float\float.sty
Package: float 2001/11/08 v1.3d Float enhancements (AL)
\c@float@type=\count301
\float@exts=\toks25
\float@box=\box56
\@float@everytoks=\toks26
\@floatcapt=\box57
) (C:\Users\Clément\AppData\Local\Programs\MiKTeX\tex/latex/graphics\graphicx.sty
Package: graphicx 2024/12/31 v1.2e Enhanced LaTeX Graphics (DPC,SPQR)
 (C:\Users\Clément\AppData\Local\Programs\MiKTeX\tex/latex/graphics\graphics.sty
Package: graphics 2024/08/06 v1.4g Standard LaTeX Graphics (DPC,SPQR)
 (C:\Users\Clément\AppData\Local\Programs\MiKTeX\tex/latex/graphics\trig.sty
Package: trig 2023/12/02 v1.11 sin cos tan (DPC)
) (C:\Users\Clément\AppData\Local\Programs\MiKTeX\tex/latex/graphics-cfg\graphics.cfg
File: graphics.cfg 2016/06/04 v1.11 sample graphics configuration
)
Package graphics Info: Driver file: pdftex.def on input line 106.
 (C:\Users\Clément\AppData\Local\Programs\MiKTeX\tex/latex/graphics-def\pdftex.def
File: pdftex.def 2025/09/29 v1.2d Graphics/color driver for pdftex
))
\Gin@req@height=\dimen169
\Gin@req@width=\dimen170
) (C:\Users\Clément\AppData\Local\Programs\MiKTeX\tex/latex/caption\caption.sty
Package: caption 2023/08/05 v3.6o Customizing captions (AR)
 (C:\Users\Clément\AppData\Local\Programs\MiKTeX\tex/latex/caption\caption3.sty
Package: caption3 2023/07/31 v2.4d caption3 kernel (AR)
\caption@tempdima=\dimen171
\captionmargin=\dimen172
\caption@leftmargin=\dimen173
\caption@rightmargin=\dimen174
\caption@width=\dimen175
\caption@indent=\dimen176
\caption@parindent=\dimen177
\caption@hangindent=\dimen178
Package caption Info: Standard document class detected.
)
\c@caption@flags=\count302
\c@continuedfloat=\count303
Package caption Info: float package is loaded.
) (C:\Users\Clément\AppData\Local\Programs\MiKTeX\tex/latex/caption\subcaption.sty
Package: subcaption 2023/07/28 v1.6b Sub-captions (AR)
Package caption Info: New subtype `subfigure' on input line 238.
\c@subfigure=\count304
Package caption Info: New subtype `subtable' on input line 238.
\c@subtable=\count305
) (C:\Users\Clément\AppData\Local\Programs\MiKTeX\tex/latex/wallpaper\wallpaper.sty
Package: wallpaper 2005/01/18, v1.01 easy wallpaper formatting (MHFW)
 (C:\Users\Clément\AppData\Local\Programs\MiKTeX\tex/latex/base\ifthen.sty
Package: ifthen 2024/03/16 v1.1e Standard LaTeX ifthen package (DPC)
) (C:\Users\Clément\AppData\Local\Programs\MiKTeX\tex/latex/eso-pic\eso-pic.sty
Package: eso-pic 2026/05/31 v3.0e eso-pic (RN)
\ESO@tempdima=\dimen179
\ESO@tempdimb=\dimen180
 (C:\Users\Clément\AppData\Local\Programs\MiKTeX\tex/latex/xcolor\xcolor.sty
Package: xcolor 2024/09/29 v3.02 LaTeX color extensions (UK)
 (C:\Users\Clément\AppData\Local\Programs\MiKTeX\tex/latex/graphics-cfg\color.cfg
File: color.cfg 2016/01/02 v1.6 sample color configuration
)
Package xcolor Info: Driver file: pdftex.def on input line 274.
 (C:\Users\Clément\AppData\Local\Programs\MiKTeX\tex/latex/graphics\mathcolor.ltx)
Package xcolor Info: Model `cmy' substituted by `cmy0' on input line 1349.
Package xcolor Info: Model `hsb' substituted by `rgb' on input line 1353.
Package xcolor Info: Model `RGB' extended on input line 1365.
Package xcolor Info: Model `HTML' substituted by `rgb' on input line 1367.
Package xcolor Info: Model `Hsb' substituted by `hsb' on input line 1368.
Package xcolor Info: Model `tHsb' substituted by `hsb' on input line 1369.
Package xcolor Info: Model `HSB' substituted by `hsb' on input line 1370.
Package xcolor Info: Model `Gray' substituted by `gray' on input line 1371.
Package xcolor Info: Model `wave' substituted by `hsb' on input line 1372.
))
\wpXoffset=\skip58
\wpYoffset=\skip59
\tileXoffset=\skip60
\tileYoffset=\skip61
\tilewidth=\skip62
\tileheight=\skip63
\tileX=\skip64
\tileY=\skip65
) (C:\Users\Clément\AppData\Local\Programs\MiKTeX\tex/latex/nomencl\nomencl.sty
Package: nomencl 2021/11/10 v5.6 Nomenclature package
 (C:\Users\Clément\AppData\Local\Programs\MiKTeX\tex/latex/xkeyval\xkeyval.sty
Package: xkeyval 2022/06/16 v2.9 package option processing (HA)
 (C:\Users\Clément\AppData\Local\Programs\MiKTeX\tex/generic/xkeyval\xkeyval.tex (C:\Users\Clément\AppData\Local\Programs\MiKTeX\tex/generic/xkeyval\xkvutils.tex
\XKV@toks=\toks27
\XKV@tempa@toks=\toks28
)
\XKV@depth=\count306
File: xkeyval.tex 2014/12/03 v2.7a key=value parser (HA)
)) (C:\Users\Clément\AppData\Local\Programs\MiKTeX\tex/latex/koma-script\tocbasic.sty
Package: tocbasic 2026/02/02 v3.49.2 KOMA-Script package (handling toc-files)
 (C:\Users\Clément\AppData\Local\Programs\MiKTeX\tex/latex/koma-script\scrbase.sty
Package: scrbase 2026/02/02 v3.49.2 KOMA-Script package (KOMA-Script-independent basics and keyval usage)
 (C:\Users\Clément\AppData\Local\Programs\MiKTeX\tex/latex/koma-script\scrlfile.sty
Package: scrlfile 2026/02/02 v3.49.2 KOMA-Script package (file load hooks)
 (C:\Users\Clément\AppData\Local\Programs\MiKTeX\tex/latex/koma-script\scrlfile-hook.sty
Package: scrlfile-hook 2026/02/02 v3.49.2 KOMA-Script package (using LaTeX hooks)
 (C:\Users\Clément\AppData\Local\Programs\MiKTeX\tex/latex/koma-script\scrlogo.sty
Package: scrlogo 2026/02/02 v3.49.2 KOMA-Script package (logo)
)))
Applying: [2021/05/01] Usage of raw or classic option list on input line 254.
Already applied: [0000/00/00] Usage of raw or classic option list on input line 370.
)
\scr@dte@tocline@numberwidth=\skip66
\scr@dte@tocline@numbox=\box58
)
Package tocbasic Info: setting babel extension for `nlo' on input line 187.
Package tocbasic Info: setting babel extension for `nls' on input line 188.
\nomlabelwidth=\dimen181
\nom@tempdim=\dimen182
\nomitemsep=\skip67
) (C:\Users\Clément\AppData\Local\Programs\MiKTeX\tex/latex/fancyhdr\fancyhdr.sty
Package: fancyhdr 2025/02/07 v5.2 Extensive control of page headers and footers
\f@nch@headwidth=\skip68
\f@nch@offset@elh=\skip69
\f@nch@offset@erh=\skip70
\f@nch@offset@olh=\skip71
\f@nch@offset@orh=\skip72
\f@nch@offset@elf=\skip73
\f@nch@offset@erf=\skip74
\f@nch@offset@olf=\skip75
\f@nch@offset@orf=\skip76
\f@nch@height=\skip77
\f@nch@footalignment=\skip78
\f@nch@widthL=\skip79
\f@nch@widthC=\skip80
\f@nch@widthR=\skip81
\@temptokenb=\toks29
) (C:\Users\Clément\AppData\Local\Programs\MiKTeX\tex/latex/url\url.sty
\Urlmuskip=\muskip18
Package: url 2013/09/16  ver 3.4  Verb mode for urls, etc.
) (C:\Users\Clément\AppData\Local\Programs\MiKTeX\tex/latex/hyperref\hyperref.sty
Package: hyperref 2025-07-12 v7.01o Hypertext links for LaTeX
 (C:\Users\Clément\AppData\Local\Programs\MiKTeX\tex/generic/iftex\iftex.sty
Package: iftex 2024/12/12 v1.0g TeX engine tests
) (C:\Users\Clément\AppData\Local\Programs\MiKTeX\tex/latex/kvsetkeys\kvsetkeys.sty
Package: kvsetkeys 2022-10-05 v1.19 Key value parser (HO)
) (C:\Users\Clément\AppData\Local\Programs\MiKTeX\tex/generic/kvdefinekeys\kvdefinekeys.sty
Package: kvdefinekeys 2019-12-19 v1.6 Define keys (HO)
) (C:\Users\Clément\AppData\Local\Programs\MiKTeX\tex/generic/pdfescape\pdfescape.sty
Package: pdfescape 2019/12/09 v1.15 Implements pdfTeX's escape features (HO)
 (C:\Users\Clément\AppData\Local\Programs\MiKTeX\tex/generic/ltxcmds\ltxcmds.sty
Package: ltxcmds 2023-12-04 v1.26 LaTeX kernel commands for general use (HO)
) (C:\Users\Clément\AppData\Local\Programs\MiKTeX\tex/generic/pdftexcmds\pdftexcmds.sty
Package: pdftexcmds 2020-06-27 v0.33 Utility functions of pdfTeX for LuaTeX (HO)
 (C:\Users\Clément\AppData\Local\Programs\MiKTeX\tex/generic/infwarerr\infwarerr.sty
Package: infwarerr 2019/12/03 v1.5 Providing info/warning/error messages (HO)
)
Package pdftexcmds Info: \pdf@primitive is available.
Package pdftexcmds Info: \pdf@ifprimitive is available.
Package pdftexcmds Info: \pdfdraftmode found.
)) (C:\Users\Clément\AppData\Local\Programs\MiKTeX\tex/latex/hycolor\hycolor.sty
Package: hycolor 2020-01-27 v1.10 Color options for hyperref/bookmark (HO)
) (C:\Users\Clément\AppData\Local\Programs\MiKTeX\tex/latex/hyperref\nameref.sty
Package: nameref 2025-06-21 v2.57 Cross-referencing by name of section
 (C:\Users\Clément\AppData\Local\Programs\MiKTeX\tex/latex/refcount\refcount.sty
Package: refcount 2019/12/15 v3.6 Data extraction from label references (HO)
) (C:\Users\Clément\AppData\Local\Programs\MiKTeX\tex/generic/gettitlestring\gettitlestring.sty
Package: gettitlestring 2019/12/15 v1.6 Cleanup title references (HO)
 (C:\Users\Clément\AppData\Local\Programs\MiKTeX\tex/latex/kvoptions\kvoptions.sty
Package: kvoptions 2022-06-15 v3.15 Key value format for package options (HO)
))
\c@section@level=\count307
) (C:\Users\Clément\AppData\Local\Programs\MiKTeX\tex/latex/etoolbox\etoolbox.sty
Package: etoolbox 2025/10/02 v2.5m e-TeX tools for LaTeX (JAW)
\etb@tempcnta=\count308
) (C:\Users\Clément\AppData\Local\Programs\MiKTeX\tex/generic/stringenc\stringenc.sty
Package: stringenc 2019/11/29 v1.12 Convert strings between diff. encodings (HO)
)
\@linkdim=\dimen183
\Hy@linkcounter=\count309
\Hy@pagecounter=\count310
 (C:\Users\Clément\AppData\Local\Programs\MiKTeX\tex/latex/hyperref\pd1enc.def
File: pd1enc.def 2025-07-12 v7.01o Hyperref: PDFDocEncoding definition (HO)
Now handling font encoding PD1 ...
... no UTF-8 mapping file for font encoding PD1
) (C:\Users\Clément\AppData\Local\Programs\MiKTeX\tex/generic/intcalc\intcalc.sty
Package: intcalc 2019/12/15 v1.3 Expandable calculations with integers (HO)
)
\Hy@SavedSpaceFactor=\count311
 (C:\Users\Clément\AppData\Local\Programs\MiKTeX\tex/latex/hyperref\puenc.def
File: puenc.def 2025-07-12 v7.01o Hyperref: PDF Unicode definition (HO)
Now handling font encoding PU ...
... no UTF-8 mapping file for font encoding PU
)
Package hyperref Info: Hyper figures OFF on input line 4195.
Package hyperref Info: Link nesting OFF on input line 4200.
Package hyperref Info: Hyper index ON on input line 4203.
Package hyperref Info: Plain pages OFF on input line 4210.
Package hyperref Info: Backreferencing OFF on input line 4215.
Package hyperref Info: Implicit mode ON; LaTeX internals redefined.
Package hyperref Info: Bookmarks ON on input line 4462.
\c@Hy@tempcnt=\count312
LaTeX Info: Redefining \url on input line 4801.
\XeTeXLinkMargin=\dimen184
 (C:\Users\Clément\AppData\Local\Programs\MiKTeX\tex/generic/bitset\bitset.sty
Package: bitset 2019/12/09 v1.3 Handle bit-vector datatype (HO)
 (C:\Users\Clément\AppData\Local\Programs\MiKTeX\tex/generic/bigintcalc\bigintcalc.sty
Package: bigintcalc 2019/12/15 v1.5 Expandable calculations on big integers (HO)
))
\Fld@menulength=\count313
\Field@Width=\dimen185
\Fld@charsize=\dimen186
Package hyperref Info: Hyper figures OFF on input line 6078.
Package hyperref Info: Link nesting OFF on input line 6083.
Package hyperref Info: Hyper index ON on input line 6086.
Package hyperref Info: backreferencing OFF on input line 6093.
Package hyperref Info: Link coloring OFF on input line 6098.
Package hyperref Info: Link coloring with OCG OFF on input line 6103.
Package hyperref Info: PDF/A mode OFF on input line 6108.
\Hy@abspage=\count314
\c@Item=\count315
\c@Hfootnote=\count316
)
Package hyperref Info: Driver (autodetected): hpdftex.
 (C:\Users\Clément\AppData\Local\Programs\MiKTeX\tex/latex/hyperref\hpdftex.def
File: hpdftex.def 2025-07-12 v7.01o Hyperref driver for pdfTeX
\Fld@listcount=\count317
\c@bookmark@seq@number=\count318
 (C:\Users\Clément\AppData\Local\Programs\MiKTeX\tex/latex/rerunfilecheck\rerunfilecheck.sty
Package: rerunfilecheck 2025-06-21 v1.11 Rerun checks for auxiliary files (HO)
 (C:\Users\Clément\AppData\Local\Programs\MiKTeX\tex/generic/uniquecounter\uniquecounter.sty
Package: uniquecounter 2019/12/15 v1.4 Provide unlimited unique counter (HO)
)
Package uniquecounter Info: New unique counter `rerunfilecheck' on input line 284.
)
\Hy@SectionHShift=\skip82
) (C:\Users\Clément\AppData\Local\Programs\MiKTeX\tex/latex/geometry\geometry.sty
Package: geometry 2026/03/07 v6.0 Page Geometry
 (C:\Users\Clément\AppData\Local\Programs\MiKTeX\tex/generic/iftex\ifvtex.sty
Package: ifvtex 2019/10/25 v1.7 ifvtex legacy package. Use iftex instead.
)
\Gm@cnth=\count319
\Gm@cntv=\count320
\c@Gm@tempcnt=\count321
\Gm@bindingoffset=\dimen187
\Gm@wd@mp=\dimen188
\Gm@odd@mp=\dimen189
\Gm@even@mp=\dimen190
\Gm@layoutwidth=\dimen191
\Gm@layoutheight=\dimen192
\Gm@layouthoffset=\dimen193
\Gm@layoutvoffset=\dimen194
\Gm@dimlist=\toks30
 (C:\Users\Clément\AppData\Local\Programs\MiKTeX\tex/latex/geometry\geometry.cfg)) (C:\Users\Clément\AppData\Local\Programs\MiKTeX\tex/latex/tcolorbox\tcolorbox.sty
Package: tcolorbox 2025/11/28 version 6.9.0 text color boxes
 (C:\Users\Clément\AppData\Local\Programs\MiKTeX\tex/latex/pgf/frontendlayer\tikz.sty (C:\Users\Clément\AppData\Local\Programs\MiKTeX\tex/latex/pgf/basiclayer\pgf.sty (C:\Users\Clément\AppData\Local\Programs\MiKTeX\tex/latex/pgf/utilities\pgfrcs.sty (C:\Users\Clément\AppData\Local\Programs\MiKTeX\tex/generic/pgf/utilities\pgfutil-common.tex
\pgfutil@everybye=\toks31
\pgfutil@tempdima=\dimen195
\pgfutil@tempdimb=\dimen196
) (C:\Users\Clément\AppData\Local\Programs\MiKTeX\tex/generic/pgf/utilities\pgfutil-latex.def
\pgfutil@abb=\box59
) (C:\Users\Clément\AppData\Local\Programs\MiKTeX\tex/generic/pgf/utilities\pgfrcs.code.tex (C:\Users\Clément\AppData\Local\Programs\MiKTeX\tex/generic/pgf\pgf.revision.tex)
Package: pgfrcs 2025-08-29 v3.1.11a (3.1.11a)
))
Package: pgf 2025-08-29 v3.1.11a (3.1.11a)
 (C:\Users\Clément\AppData\Local\Programs\MiKTeX\tex/latex/pgf/basiclayer\pgfcore.sty (C:\Users\Clément\AppData\Local\Programs\MiKTeX\tex/latex/pgf/systemlayer\pgfsys.sty (C:\Users\Clément\AppData\Local\Programs\MiKTeX\tex/generic/pgf/systemlayer\pgfsys.code.tex
Package: pgfsys 2025-08-29 v3.1.11a (3.1.11a)
 (C:\Users\Clément\AppData\Local\Programs\MiKTeX\tex/generic/pgf/utilities\pgfkeys.code.tex
\pgfkeys@pathtoks=\toks32
\pgfkeys@temptoks=\toks33
 (C:\Users\Clément\AppData\Local\Programs\MiKTeX\tex/generic/pgf/utilities\pgfkeyslibraryfiltered.code.tex
\pgfkeys@tmptoks=\toks34
))
\pgf@x=\dimen197
\pgf@y=\dimen198
\pgf@xa=\dimen199
\pgf@ya=\dimen256
\pgf@xb=\dimen257
\pgf@yb=\dimen258
\pgf@xc=\dimen259
\pgf@yc=\dimen260
\pgf@xd=\dimen261
\pgf@yd=\dimen262
\w@pgf@writea=\write3
\r@pgf@reada=\read3
\c@pgf@counta=\count322
\c@pgf@countb=\count323
\c@pgf@countc=\count324
\c@pgf@countd=\count325
\t@pgf@toka=\toks35
\t@pgf@tokb=\toks36
\t@pgf@tokc=\toks37
\pgf@sys@id@count=\count326
 (C:\Users\Clément\AppData\Local\Programs\MiKTeX\tex/generic/pgf/systemlayer\pgf.cfg
File: pgf.cfg 2025-08-29 v3.1.11a (3.1.11a)
)
Driver file for pgf: pgfsys-pdftex.def
 (C:\Users\Clément\AppData\Local\Programs\MiKTeX\tex/generic/pgf/systemlayer\pgfsys-pdftex.def
File: pgfsys-pdftex.def 2025-08-29 v3.1.11a (3.1.11a)
 (C:\Users\Clément\AppData\Local\Programs\MiKTeX\tex/generic/pgf/systemlayer\pgfsys-common-pdf.def
File: pgfsys-common-pdf.def 2025-08-29 v3.1.11a (3.1.11a)
))) (C:\Users\Clément\AppData\Local\Programs\MiKTeX\tex/generic/pgf/systemlayer\pgfsyssoftpath.code.tex
File: pgfsyssoftpath.code.tex 2025-08-29 v3.1.11a (3.1.11a)
\pgfsyssoftpath@smallbuffer@items=\count327
\pgfsyssoftpath@bigbuffer@items=\count328
) (C:\Users\Clément\AppData\Local\Programs\MiKTeX\tex/generic/pgf/systemlayer\pgfsysprotocol.code.tex
File: pgfsysprotocol.code.tex 2025-08-29 v3.1.11a (3.1.11a)
)) (C:\Users\Clément\AppData\Local\Programs\MiKTeX\tex/generic/pgf/basiclayer\pgfcore.code.tex
Package: pgfcore 2025-08-29 v3.1.11a (3.1.11a)
 (C:\Users\Clément\AppData\Local\Programs\MiKTeX\tex/generic/pgf/math\pgfmath.code.tex (C:\Users\Clément\AppData\Local\Programs\MiKTeX\tex/generic/pgf/math\pgfmathutil.code.tex) (C:\Users\Clément\AppData\Local\Programs\MiKTeX\tex/generic/pgf/math\pgfmathparser.code.tex
\pgfmath@dimen=\dimen263
\pgfmath@count=\count329
\pgfmath@box=\box60
\pgfmath@toks=\toks38
\pgfmath@stack@operand=\toks39
\pgfmath@stack@operation=\toks40
) (C:\Users\Clément\AppData\Local\Programs\MiKTeX\tex/generic/pgf/math\pgfmathfunctions.code.tex) (C:\Users\Clément\AppData\Local\Programs\MiKTeX\tex/generic/pgf/math\pgfmathfunctions.basic.code.tex) (C:\Users\Clément\AppData\Local\Programs\MiKTeX\tex/generic/pgf/math\pgfmathfunctions.trigonometric.code.tex) (C:\Users\Clément\AppData\Local\Programs\MiKTeX\tex/generic/pgf/math\pgfmathfunctions.random.code.tex) (C:\Users\Clément\AppData\Local\Programs\MiKTeX\tex/generic/pgf/math\pgfmathfunctions.comparison.code.tex) (C:\Users\Clément\AppData\Local\Programs\MiKTeX\tex/generic/pgf/math\pgfmathfunctions.base.code.tex) (C:\Users\Clément\AppData\Local\Programs\MiKTeX\tex/generic/pgf/math\pgfmathfunctions.round.code.tex) (C:\Users\Clément\AppData\Local\Programs\MiKTeX\tex/generic/pgf/math\pgfmathfunctions.misc.code.tex) (C:\Users\Clément\AppData\Local\Programs\MiKTeX\tex/generic/pgf/math\pgfmathfunctions.integerarithmetics.code.tex) (C:\Users\Clément\AppData\Local\Programs\MiKTeX\tex/generic/pgf/math\pgfmathcalc.code.tex) (C:\Users\Clément\AppData\Local\Programs\MiKTeX\tex/generic/pgf/math\pgfmathfloat.code.tex
\c@pgfmathroundto@lastzeros=\count330
)) (C:\Users\Clément\AppData\Local\Programs\MiKTeX\tex/generic/pgf/math\pgfint.code.tex) (C:\Users\Clément\AppData\Local\Programs\MiKTeX\tex/generic/pgf/basiclayer\pgfcorepoints.code.tex
File: pgfcorepoints.code.tex 2025-08-29 v3.1.11a (3.1.11a)
\pgf@picminx=\dimen264
\pgf@picmaxx=\dimen265
\pgf@picminy=\dimen266
\pgf@picmaxy=\dimen267
\pgf@pathminx=\dimen268
\pgf@pathmaxx=\dimen269
\pgf@pathminy=\dimen270
\pgf@pathmaxy=\dimen271
\pgf@xx=\dimen272
\pgf@xy=\dimen273
\pgf@yx=\dimen274
\pgf@yy=\dimen275
\pgf@zx=\dimen276
\pgf@zy=\dimen277
) (C:\Users\Clément\AppData\Local\Programs\MiKTeX\tex/generic/pgf/basiclayer\pgfcorepathconstruct.code.tex
File: pgfcorepathconstruct.code.tex 2025-08-29 v3.1.11a (3.1.11a)
\pgf@path@lastx=\dimen278
\pgf@path@lasty=\dimen279
) (C:\Users\Clément\AppData\Local\Programs\MiKTeX\tex/generic/pgf/basiclayer\pgfcorepathusage.code.tex
File: pgfcorepathusage.code.tex 2025-08-29 v3.1.11a (3.1.11a)
\pgf@shorten@end@additional=\dimen280
\pgf@shorten@start@additional=\dimen281
) (C:\Users\Clément\AppData\Local\Programs\MiKTeX\tex/generic/pgf/basiclayer\pgfcorescopes.code.tex
File: pgfcorescopes.code.tex 2025-08-29 v3.1.11a (3.1.11a)
\pgfpic=\box61
\pgf@hbox=\box62
\pgf@layerbox@main=\box63
\pgf@picture@serial@count=\count331
) (C:\Users\Clément\AppData\Local\Programs\MiKTeX\tex/generic/pgf/basiclayer\pgfcoregraphicstate.code.tex
File: pgfcoregraphicstate.code.tex 2025-08-29 v3.1.11a (3.1.11a)
\pgflinewidth=\dimen282
) (C:\Users\Clément\AppData\Local\Programs\MiKTeX\tex/generic/pgf/basiclayer\pgfcoretransformations.code.tex
File: pgfcoretransformations.code.tex 2025-08-29 v3.1.11a (3.1.11a)
\pgf@pt@x=\dimen283
\pgf@pt@y=\dimen284
\pgf@pt@temp=\dimen285
) (C:\Users\Clément\AppData\Local\Programs\MiKTeX\tex/generic/pgf/basiclayer\pgfcorequick.code.tex
File: pgfcorequick.code.tex 2025-08-29 v3.1.11a (3.1.11a)
) (C:\Users\Clément\AppData\Local\Programs\MiKTeX\tex/generic/pgf/basiclayer\pgfcoreobjects.code.tex
File: pgfcoreobjects.code.tex 2025-08-29 v3.1.11a (3.1.11a)
) (C:\Users\Clément\AppData\Local\Programs\MiKTeX\tex/generic/pgf/basiclayer\pgfcorepathprocessing.code.tex
File: pgfcorepathprocessing.code.tex 2025-08-29 v3.1.11a (3.1.11a)
) (C:\Users\Clément\AppData\Local\Programs\MiKTeX\tex/generic/pgf/basiclayer\pgfcorearrows.code.tex
File: pgfcorearrows.code.tex 2025-08-29 v3.1.11a (3.1.11a)
\pgfarrowsep=\dimen286
) (C:\Users\Clément\AppData\Local\Programs\MiKTeX\tex/generic/pgf/basiclayer\pgfcoreshade.code.tex
File: pgfcoreshade.code.tex 2025-08-29 v3.1.11a (3.1.11a)
\pgf@max=\dimen287
\pgf@sys@shading@range@num=\count332
\pgf@shadingcount=\count333
) (C:\Users\Clément\AppData\Local\Programs\MiKTeX\tex/generic/pgf/basiclayer\pgfcoreimage.code.tex
File: pgfcoreimage.code.tex 2025-08-29 v3.1.11a (3.1.11a)
) (C:\Users\Clément\AppData\Local\Programs\MiKTeX\tex/generic/pgf/basiclayer\pgfcoreexternal.code.tex
File: pgfcoreexternal.code.tex 2025-08-29 v3.1.11a (3.1.11a)
\pgfexternal@startupbox=\box64
) (C:\Users\Clément\AppData\Local\Programs\MiKTeX\tex/generic/pgf/basiclayer\pgfcorelayers.code.tex
File: pgfcorelayers.code.tex 2025-08-29 v3.1.11a (3.1.11a)
) (C:\Users\Clément\AppData\Local\Programs\MiKTeX\tex/generic/pgf/basiclayer\pgfcoretransparency.code.tex
File: pgfcoretransparency.code.tex 2025-08-29 v3.1.11a (3.1.11a)
) (C:\Users\Clément\AppData\Local\Programs\MiKTeX\tex/generic/pgf/basiclayer\pgfcorepatterns.code.tex
File: pgfcorepatterns.code.tex 2025-08-29 v3.1.11a (3.1.11a)
) (C:\Users\Clément\AppData\Local\Programs\MiKTeX\tex/generic/pgf/basiclayer\pgfcorerdf.code.tex
File: pgfcorerdf.code.tex 2025-08-29 v3.1.11a (3.1.11a)
))) (C:\Users\Clément\AppData\Local\Programs\MiKTeX\tex/generic/pgf/modules\pgfmoduleshapes.code.tex
File: pgfmoduleshapes.code.tex 2025-08-29 v3.1.11a (3.1.11a)
\pgfnodeparttextbox=\box65
) (C:\Users\Clément\AppData\Local\Programs\MiKTeX\tex/generic/pgf/modules\pgfmoduleplot.code.tex
File: pgfmoduleplot.code.tex 2025-08-29 v3.1.11a (3.1.11a)
) (C:\Users\Clément\AppData\Local\Programs\MiKTeX\tex/latex/pgf/compatibility\pgfcomp-version-0-65.sty
Package: pgfcomp-version-0-65 2025-08-29 v3.1.11a (3.1.11a)
\pgf@nodesepstart=\dimen288
\pgf@nodesepend=\dimen289
)
(C:\Users\Clément\AppData\Local\Programs\MiKTeX\tex/latex/pgf/compatibility\pgfcomp-version-1-18.sty
Package: pgfcomp-version-1-18 2025-08-29 v3.1.11a (3.1.11a)
)) (C:\Users\Clément\AppData\Local\Programs\MiKTeX\tex/latex/pgf/utilities\pgffor.sty (C:\Users\Clément\AppData\Local\Programs\MiKTeX\tex/latex/pgf/utilities\pgfkeys.sty (C:\Users\Clément\AppData\Local\Programs\MiKTeX\tex/generic/pgf/utilities\pgfkeys.code.tex)) (C:\Users\Clément\AppData\Local\Programs\MiKTeX\tex/latex/pgf/math\pgfmath.sty (C:\Users\Clément\AppData\Local\Programs\MiKTeX\tex/generic/pgf/math\pgfmath.code.tex)) (C:\Users\Clément\AppData\Local\Programs\MiKTeX\tex/generic/pgf/utilities\pgffor.code.tex
Package: pgffor 2025-08-29 v3.1.11a (3.1.11a)
\pgffor@iter=\dimen290
\pgffor@skip=\dimen291
\pgffor@stack=\toks41
\pgffor@toks=\toks42
)) (C:\Users\Clément\AppData\Local\Programs\MiKTeX\tex/generic/pgf/frontendlayer/tikz\tikz.code.tex
Package: tikz 2025-08-29 v3.1.11a (3.1.11a)
 (C:\Users\Clément\AppData\Local\Programs\MiKTeX\tex/generic/pgf/libraries\pgflibraryplothandlers.code.tex
File: pgflibraryplothandlers.code.tex 2025-08-29 v3.1.11a (3.1.11a)
\pgf@plot@mark@count=\count334
\pgfplotmarksize=\dimen292
)
\tikz@lastx=\dimen293
\tikz@lasty=\dimen294
\tikz@lastxsaved=\dimen295
\tikz@lastysaved=\dimen296
\tikz@lastmovetox=\dimen297
\tikz@lastmovetoy=\dimen298
\tikzleveldistance=\dimen299
\tikzsiblingdistance=\dimen300
\tikz@figbox=\box66
\tikz@figbox@bg=\box67
\tikz@tempbox=\box68
\tikz@tempbox@bg=\box69
\tikztreelevel=\count335
\tikznumberofchildren=\count336
\tikznumberofcurrentchild=\count337
\tikz@fig@count=\count338
 (C:\Users\Clément\AppData\Local\Programs\MiKTeX\tex/generic/pgf/modules\pgfmodulematrix.code.tex
File: pgfmodulematrix.code.tex 2025-08-29 v3.1.11a (3.1.11a)
\pgfmatrixcurrentrow=\count339
\pgfmatrixcurrentcolumn=\count340
\pgf@matrix@numberofcolumns=\count341
)
\tikz@expandcount=\count342
 (C:\Users\Clément\AppData\Local\Programs\MiKTeX\tex/generic/pgf/frontendlayer/tikz/libraries\tikzlibrarytopaths.code.tex
File: tikzlibrarytopaths.code.tex 2025-08-29 v3.1.11a (3.1.11a)
))) (C:\Users\Clément\AppData\Local\Programs\MiKTeX\tex/latex/tools\verbatim.sty
Package: verbatim 2024-01-22 v1.5x LaTeX2e package for verbatim enhancements
\every@verbatim=\toks43
\verbatim@line=\toks44
\verbatim@in@stream=\read4
) (C:\Users\Clément\AppData\Local\Programs\MiKTeX\tex/latex/environ\environ.sty
Package: environ 2014/05/04 v0.3 A new way to define environments
 (C:\Users\Clément\AppData\Local\Programs\MiKTeX\tex/latex/trimspaces\trimspaces.sty
Package: trimspaces 2009/09/17 v1.1 Trim spaces around a token list
))
\tcb@titlebox=\box70
\tcb@upperbox=\box71
\tcb@lowerbox=\box72
\tcb@phantombox=\box73
\c@tcbbreakpart=\count343
\c@tcblayer=\count344
\c@tcolorbox@number=\count345
\l__tcobox_tmpa_box=\box74
\l__tcobox_tmpa_dim=\dimen301
\tcb@temp=\box75
\tcb@temp=\box76
\tcb@temp=\box77
\tcb@temp=\box78
 (C:\Users\Clément\AppData\Local\Programs\MiKTeX\tex/latex/tcolorbox\tcbraster.code.tex
Library (tcolorbox): 'tcbraster.code.tex' version '6.9.0'
\c@tcbrastercolumn=\count346
\c@tcbrasterrow=\count347
\c@tcbrasternum=\count348
\c@tcbraster=\count349
) (C:\Users\Clément\AppData\Local\Programs\MiKTeX\tex/latex/tcolorbox\tcbskins.code.tex
Library (tcolorbox): 'tcbskins.code.tex' version '6.9.0'
(C:\Users\Clément\AppData\Local\Programs\MiKTeX\tex/latex/tikzfill\tikzfill.image.sty
Package: tikzfill.image 2026/04/23 v1.2.0 Image filling library for TikZ
 (C:\Users\Clément\AppData\Local\Programs\MiKTeX\tex/latex/tikzfill\tikzlibraryfill.image.code.tex
File: tikzlibraryfill.image.code.tex 2026/04/23 v1.2.0 Image filling library
\l__tikzfill_tmpa_dim=\dimen302
\l__tikzfill_tmpb_dim=\dimen303
\l__tikzfill_img_box=\box79
)) (C:\Users\Clément\AppData\Local\Programs\MiKTeX\tex/latex/tcolorbox\tcbskinsjigsaw.code.tex
Library (tcolorbox): 'tcbskinsjigsaw.code.tex' version '6.9.0'
)) (C:\Users\Clément\AppData\Local\Programs\MiKTeX\tex/latex/tcolorbox\tcbbreakable.code.tex
Library (tcolorbox): 'tcbbreakable.code.tex' version '6.9.0'
(C:\Users\Clément\AppData\Local\Programs\MiKTeX\tex/latex/pdfcol\pdfcol.sty
Package: pdfcol 2022-09-21 v1.7 Handle new color stacks for pdfTeX (HO)
)
Package pdfcol Info: New color stack `tcb@breakable' = 1 on input line 23.
\tcb@testbox=\box80
\tcb@totalupperbox=\box81
\tcb@totallowerbox=\box82
) (C:\Users\Clément\AppData\Local\Programs\MiKTeX\tex/latex/tcolorbox\tcbhooks.code.tex
Library (tcolorbox): 'tcbhooks.code.tex' version '6.9.0'
) (C:\Users\Clément\AppData\Local\Programs\MiKTeX\tex/latex/tcolorbox\tcbtheorems.code.tex
Library (tcolorbox): 'tcbtheorems.code.tex' version '6.9.0'
) (C:\Users\Clément\AppData\Local\Programs\MiKTeX\tex/latex/tcolorbox\tcbfitting.code.tex
Library (tcolorbox): 'tcbfitting.code.tex' version '6.9.0'
\tcbfitdim=\dimen304
\tcb@lowerfitdim=\dimen305
\tcb@upperfitdim=\dimen306
\tcb@cur@hbadness=\count350
) (C:\Users\Clément\AppData\Local\Programs\MiKTeX\tex/latex/tcolorbox\tcblistingsutf8.code.tex
Library (tcolorbox): 'tcblistingsutf8.code.tex' version '6.9.0'
(C:\Users\Clément\AppData\Local\Programs\MiKTeX\tex/latex/tcolorbox\tcblistings.code.tex
Library (tcolorbox): 'tcblistings.code.tex' version '6.9.0'
(C:\Users\Clément\AppData\Local\Programs\MiKTeX\tex/latex/listings\listings.sty
\lst@mode=\count351
\lst@gtempboxa=\box83
\lst@token=\toks45
\lst@length=\count352
\lst@currlwidth=\dimen307
\lst@column=\count353
\lst@pos=\count354
\lst@lostspace=\dimen308
\lst@width=\dimen309
\lst@newlines=\count355
\lst@lineno=\count356
\lst@maxwidth=\dimen310
 (C:\Users\Clément\AppData\Local\Programs\MiKTeX\tex/latex/listings\lstpatch.sty
File: lstpatch.sty 2025/11/14 1.11b (Carsten Heinz)
) (C:\Users\Clément\AppData\Local\Programs\MiKTeX\tex/latex/listings\lstmisc.sty
File: lstmisc.sty 2025/11/14 1.11b (Carsten Heinz)
\c@lstnumber=\count357
\lst@skipnumbers=\count358
\lst@framebox=\box84
) (C:\Users\Clément\AppData\Local\Programs\MiKTeX\tex/latex/listings\listings.cfg
File: listings.cfg 2025/11/14 1.11b listings configuration
))
Package: listings 2025/11/14 1.11b (Carsten Heinz)

==> First Aid for listings.sty no longer applied!
    Expected:
        2024/09/23 1.10c (Carsten Heinz)
    but found:
        2025/11/14 1.11b (Carsten Heinz)
    so I'm assuming it got fixed.
(C:\Users\Clément\AppData\Local\Programs\MiKTeX\tex/latex/tcolorbox\tcblistingscore.code.tex
Library (tcolorbox): 'tcblistingscore.code.tex' version '6.9.0'
(C:\Users\Clément\AppData\Local\Programs\MiKTeX\tex/latex/tcolorbox\tcbprocessing.code.tex
Library (tcolorbox): 'tcbprocessing.code.tex' version '6.9.0'
)
\c@tcblisting=\count359
)) (C:\Users\Clément\AppData\Local\Programs\MiKTeX\tex/latex/listingsutf8\listingsutf8.sty
Package: listingsutf8 2019-12-10 v1.5 Allow UTF-8 in listings input (HO)
)) (C:\Users\Clément\AppData\Local\Programs\MiKTeX\tex/latex/tcolorbox\tcbexternal.code.tex
Library (tcolorbox): 'tcbexternal.code.tex' version '6.9.0'
) (C:\Users\Clément\AppData\Local\Programs\MiKTeX\tex/latex/tcolorbox\tcbmagazine.code.tex
Library (tcolorbox): 'tcbmagazine.code.tex' version '6.9.0'
) (C:\Users\Clément\AppData\Local\Programs\MiKTeX\tex/latex/tcolorbox\tcbvignette.code.tex
Library (tcolorbox): 'tcbvignette.code.tex' version '6.9.0'
(C:\Users\Clément\AppData\Local\Programs\MiKTeX\tex/generic/pgf/frontendlayer/tikz/libraries\tikzlibraryfadings.code.tex
File: tikzlibraryfadings.code.tex 2025-08-29 v3.1.11a (3.1.11a)
 (C:\Users\Clément\AppData\Local\Programs\MiKTeX\tex/generic/pgf/libraries\pgflibraryfadings.code.tex
File: pgflibraryfadings.code.tex 2025-08-29 v3.1.11a (3.1.11a)
))) (C:\Users\Clément\AppData\Local\Programs\MiKTeX\tex/latex/tcolorbox\tcbposter.code.tex
Library (tcolorbox): 'tcbposter.code.tex' version '6.9.0'
)) (C:\Users\Clément\AppData\Local\Programs\MiKTeX\tex/latex/booktabs\booktabs.sty
Package: booktabs 2020/01/12 v1.61803398 Publication quality tables
\heavyrulewidth=\dimen311
\lightrulewidth=\dimen312
\cmidrulewidth=\dimen313
\belowrulesep=\dimen314
\belowbottomsep=\dimen315
\aboverulesep=\dimen316
\abovetopsep=\dimen317
\cmidrulesep=\dimen318
\cmidrulekern=\dimen319
\defaultaddspace=\dimen320
\@cmidla=\count360
\@cmidlb=\count361
\@aboverulesep=\dimen321
\@belowrulesep=\dimen322
\@thisruleclass=\count362
\@lastruleclass=\count363
\@thisrulewidth=\dimen323
) (C:\Users\Clément\AppData\Local\Programs\MiKTeX\tex/latex/amsfonts\amssymb.sty
Package: amssymb 2013/01/14 v3.01 AMS font symbols
 (C:\Users\Clément\AppData\Local\Programs\MiKTeX\tex/latex/amsfonts\amsfonts.sty
Package: amsfonts 2013/01/14 v3.01 Basic AMSFonts support
\symAMSa=\mathgroup4
\symAMSb=\mathgroup5
LaTeX Font Info:    Redeclaring math symbol \hbar on input line 98.
LaTeX Font Info:    Overwriting math alphabet `\mathfrak' in version `bold'
(Font)                  U/euf/m/n --> U/euf/b/n on input line 106.
)) (C:\Users\Clément\AppData\Local\Programs\MiKTeX\tex/latex/setspace\setspace.sty
Package: setspace 2022/12/04 v6.7b set line spacing
) (C:\Users\Clément\AppData\Local\Programs\MiKTeX\tex/latex/mathtools\empheq.sty
Package: empheq 2024/08/09 v2.17 Emphasizing equations
\l_EQ_equationtype_int=\count364
\l_EQ_alignmentmode_int=\count365
\l_EQ_totalwidth_dim=\dimen324
\l_EQ_displaywidth_dim=\dimen325
\l_EQ_temp_linewidth_dim=\dimen326
\l_EQ_linewidth_dim=\dimen327
\EmphEqdelimitershortfall=\dimen328
\EmphEqdelimiterfactor=\count366
\g_EQ_toptag_height_dim=\dimen329
\g_EQ_bottomtag_depth_dim=\dimen330
\g_EQ_toprow_height_dim=\dimen331
\g_EQ_bottomrow_depth_dim=\dimen332
\g_EQ_widesttag_dim=\dimen333
\EQ_mathdisplay_box=\box85
\EQ_tag_box=\box86
\g_EQ_temprow_int=\count367
) (C:\Users\Clément\AppData\Local\Programs\MiKTeX\tex/latex/lipsum\lipsum.sty (C:\Users\Clément\AppData\Local\Programs\MiKTeX\tex/latex/l3packages/l3keys2e\l3keys2e.sty (C:\Users\Clément\AppData\Local\Programs\MiKTeX\tex/latex/l3kernel\expl3.sty
Package: expl3 2025-12-24 L3 programming layer (loader) 
 (C:\Users\Clément\AppData\Local\Programs\MiKTeX\tex/latex/l3backend\l3backend-pdftex.def
File: l3backend-pdftex.def 2025-10-09 L3 backend support: PDF output (pdfTeX)
\l__color_backend_stack_int=\count368
))
Package: l3keys2e 2025-10-09 LaTeX2e option processing using LaTeX3 keys
)
Package: lipsum 2021-09-20 v2.7 150 paragraphs of Lorem Ipsum dummy text
\g__lipsum_par_int=\count369
\l__lipsum_a_int=\count370
\l__lipsum_b_int=\count371
 (C:\Users\Clément\AppData\Local\Programs\MiKTeX\tex/latex/lipsum\lipsum.ltd.tex)) (C:\Users\Clément\AppData\Local\Programs\MiKTeX\tex/latex/multirow\multirow.sty
Package: multirow 2024/11/12 v2.9 Span multiple rows of a table
\multirow@colwidth=\skip83
\multirow@cntb=\count372
\multirow@dima=\skip84
\bigstrutjot=\dimen334
) (C:\Users\Clément\AppData\Local\Programs\MiKTeX\tex/latex/base\fontenc.sty
Package: fontenc 2025/07/18 v2.1d Standard LaTeX package
) (C:\Users\Clément\AppData\Local\Programs\MiKTeX\tex/latex/lm\lmodern.sty
Package: lmodern 2015/05/01 v1.6.1 Latin Modern Fonts
LaTeX Font Info:    Overwriting symbol font `operators' in version `normal'
(Font)                  OT1/cmr/m/n --> OT1/lmr/m/n on input line 22.
LaTeX Font Info:    Overwriting symbol font `letters' in version `normal'
(Font)                  OML/cmm/m/it --> OML/lmm/m/it on input line 23.
LaTeX Font Info:    Overwriting symbol font `symbols' in version `normal'
(Font)                  OMS/cmsy/m/n --> OMS/lmsy/m/n on input line 24.
LaTeX Font Info:    Overwriting symbol font `largesymbols' in version `normal'
(Font)                  OMX/cmex/m/n --> OMX/lmex/m/n on input line 25.
LaTeX Font Info:    Overwriting symbol font `operators' in version `bold'
(Font)                  OT1/cmr/bx/n --> OT1/lmr/bx/n on input line 26.
LaTeX Font Info:    Overwriting symbol font `letters' in version `bold'
(Font)                  OML/cmm/b/it --> OML/lmm/b/it on input line 27.
LaTeX Font Info:    Overwriting symbol font `symbols' in version `bold'
(Font)                  OMS/cmsy/b/n --> OMS/lmsy/b/n on input line 28.
LaTeX Font Info:    Overwriting symbol font `largesymbols' in version `bold'
(Font)                  OMX/cmex/m/n --> OMX/lmex/m/n on input line 29.
LaTeX Font Info:    Overwriting math alphabet `\mathbf' in version `normal'
(Font)                  OT1/cmr/bx/n --> OT1/lmr/bx/n on input line 31.
LaTeX Font Info:    Overwriting math alphabet `\mathsf' in version `normal'
(Font)                  OT1/cmss/m/n --> OT1/lmss/m/n on input line 32.
LaTeX Font Info:    Overwriting math alphabet `\mathit' in version `normal'
(Font)                  OT1/cmr/m/it --> OT1/lmr/m/it on input line 33.
LaTeX Font Info:    Overwriting math alphabet `\mathtt' in version `normal'
(Font)                  OT1/cmtt/m/n --> OT1/lmtt/m/n on input line 34.
LaTeX Font Info:    Overwriting math alphabet `\mathbf' in version `bold'
(Font)                  OT1/cmr/bx/n --> OT1/lmr/bx/n on input line 35.
LaTeX Font Info:    Overwriting math alphabet `\mathsf' in version `bold'
(Font)                  OT1/cmss/bx/n --> OT1/lmss/bx/n on input line 36.
LaTeX Font Info:    Overwriting math alphabet `\mathit' in version `bold'
(Font)                  OT1/cmr/bx/it --> OT1/lmr/bx/it on input line 37.
LaTeX Font Info:    Overwriting math alphabet `\mathtt' in version `bold'
(Font)                  OT1/cmtt/m/n --> OT1/lmtt/m/n on input line 38.
) (C:\Users\Clément\AppData\Local\Programs\MiKTeX\tex/latex/siunitx\siunitx.sty
Package: siunitx 2026-05-15 v3.5.5 A comprehensive (SI) units package
\l__siunitx_number_uncert_offset_int=\count373
\l__siunitx_number_exponent_fixed_int=\count374
\l__siunitx_number_min_decimal_int=\count375
\l__siunitx_number_min_integer_int=\count376
\l__siunitx_number_round_precision_int=\count377
\l__siunitx_number_lower_threshold_int=\count378
\l__siunitx_number_upper_threshold_int=\count379
\l__siunitx_number_group_first_int=\count380
\l__siunitx_number_group_size_int=\count381
\l__siunitx_number_group_min_int=\count382
\l__siunitx_number_group_minimum_int=\count383
\l__siunitx_compound_count_int=\count384
 (C:\Users\Clément\AppData\Local\Programs\MiKTeX\tex/latex/translations\translations.sty
Package: translations 2022/02/05 v1.12 internationalization of LaTeX2e packages (CN)
)
\l__siunitx_table_tmp_box=\box87
\l__siunitx_table_tmp_dim=\dimen335
\l__siunitx_table_column_width_dim=\dimen336
\l__siunitx_table_integer_box=\box88
\l__siunitx_table_decimal_box=\box89
\l__siunitx_table_uncert_box=\box90
\l__siunitx_table_before_box=\box91
\l__siunitx_table_after_box=\box92
\l__siunitx_table_before_dim=\dimen337
\l__siunitx_table_carry_dim=\dimen338
\l__siunitx_unit_tmp_int=\count385
\l__siunitx_unit_position_int=\count386
\l__siunitx_unit_total_int=\count387
\l__siunitx_sexagesimal_tmp_dim=\dimen339
\l__siunitx_sexagesimal_marker_box=\box93
\l__siunitx_sexagesimal_unit_box=\box94
 (C:\Users\Clément\AppData\Local\Programs\MiKTeX\tex/latex/tools\array.sty
Package: array 2025/09/25 v2.6n Tabular extension package (FMi)
\col@sep=\dimen340
\ar@mcellbox=\box95
\extrarowheight=\dimen341
\NC@list=\toks46
\extratabsurround=\skip85
\backup@length=\skip86
\ar@cellbox=\box96
)))
LaTeX Font Info:    Trying to load font information for T1+lmr on input line 37.
 (C:\Users\Clément\AppData\Local\Programs\MiKTeX\tex/latex/lm\t1lmr.fd
File: t1lmr.fd 2015/05/01 v1.6.1 Font defs for Latin Modern
) (main.aux)
\openout1 = `main.aux'.

LaTeX Font Info:    Checking defaults for OML/cmm/m/it on input line 37.
LaTeX Font Info:    ... okay on input line 37.
LaTeX Font Info:    Checking defaults for OMS/cmsy/m/n on input line 37.
LaTeX Font Info:    ... okay on input line 37.
LaTeX Font Info:    Checking defaults for OT1/cmr/m/n on input line 37.
LaTeX Font Info:    ... okay on input line 37.
LaTeX Font Info:    Checking defaults for T1/cmr/m/n on input line 37.
LaTeX Font Info:    ... okay on input line 37.
LaTeX Font Info:    Checking defaults for TS1/cmr/m/n on input line 37.
LaTeX Font Info:    ... okay on input line 37.
LaTeX Font Info:    Checking defaults for OMX/cmex/m/n on input line 37.
LaTeX Font Info:    ... okay on input line 37.
LaTeX Font Info:    Checking defaults for U/cmr/m/n on input line 37.
LaTeX Font Info:    ... okay on input line 37.
LaTeX Font Info:    Checking defaults for PD1/pdf/m/n on input line 37.
LaTeX Font Info:    ... okay on input line 37.
LaTeX Font Info:    Checking defaults for PU/pdf/m/n on input line 37.
LaTeX Font Info:    ... okay on input line 37.
 (C:\Users\Clément\AppData\Local\Programs\MiKTeX\tex/context/base/mkii\supp-pdf.mkii
[Loading MPS to PDF converter (version 2006.09.02).]
\scratchcounter=\count388
\scratchdimen=\dimen342
\scratchbox=\box97
\nofMPsegments=\count389
\nofMParguments=\count390
\everyMPshowfont=\toks47
\MPscratchCnt=\count391
\MPscratchDim=\dimen343
\MPnumerator=\count392
\makeMPintoPDFobject=\count393
\everyMPtoPDFconversion=\toks48
) (C:\Users\Clément\AppData\Local\Programs\MiKTeX\tex/latex/epstopdf-pkg\epstopdf-base.sty
Package: epstopdf-base 2020-01-24 v2.11 Base part for package epstopdf
Package epstopdf-base Info: Redefining graphics rule for `.eps' on input line 485.
 (C:\Users\Clément\AppData\Local\Programs\MiKTeX\tex/latex/00miktex\epstopdf-sys.cfg
File: epstopdf-sys.cfg 2021/03/18 v2.0 Configuration of epstopdf for MiKTeX
))
Package caption Info: Begin \AtBeginDocument code.
Package caption Info: hyperref package is loaded.
Package caption Info: listings package is loaded.
Package caption Info: End \AtBeginDocument code.
Package hyperref Info: Link coloring OFF on input line 37.
 (main.out) (main.out)
\@outlinefile=\write4
\openout4 = `main.out'.


*geometry* driver: auto-detecting
*geometry* detected driver: pdftex
*geometry* verbose mode - [ preamble ] result:
* driver: pdftex
* paper: <default>
* layout: <same size as paper>
* layoutoffset:(h,v)=(0.0pt,0.0pt)
* modes: 
* h-part:(L,W,R)=(85.35826pt, 426.79135pt, 85.35826pt)
* v-part:(T,H,B)=(85.35826pt, 617.4248pt, 142.26378pt)
* \paperwidth=597.50787pt
* \paperheight=845.04684pt
* \textwidth=426.79135pt
* \textheight=617.4248pt
* \oddsidemargin=13.08827pt
* \evensidemargin=13.08827pt
* \topmargin=-23.91173pt
* \headheight=12.0pt
* \headsep=25.0pt
* \topskip=11.0pt
* \footskip=30.0pt
* \marginparwidth=50.0pt
* \marginparsep=10.0pt
* \columnsep=10.0pt
* \skip\footins=10.0pt plus 4.0pt minus 2.0pt
* \hoffset=0.0pt
* \voffset=0.0pt
* \mag=1000
* \@twocolumnfalse
* \@twosidefalse
* \@mparswitchfalse
* \@reversemarginfalse
* (1in=72.27pt=25.4mm, 1cm=28.453pt)

\c@lstlisting=\count394
Package tocbasic Info: setting babel extension for `lol' on input line 37.
(C:\Users\Clément\AppData\Local\Programs\MiKTeX\tex/latex/translations/dicts\translations-basic-dictionary-english.trsl
File: translations-basic-dictionary-english.trsl (english translation file `translations-basic-dictionary')
)
Package translations Info: loading dictionary `translations-basic-dictionary' for `english'. on input line 37.
\@nomenclaturefile=\write5
\openout5 = `main.nlo'.

Package nomencl Info: Writing nomenclature file main.nlo on input line 39.
<logos/logo_tokyo.png, id=137, 213.79875pt x 102.3825pt>
File: logos/logo_tokyo.png Graphic file (type png)
<use logos/logo_tokyo.png>
Package pdftex.def Info: logos/logo_tokyo.png  used on input line 40.
(pdftex.def)             Requested size: 118.83586pt x 56.9055pt.
<logos/logo su fsi.png, id=139, 355.3275pt x 142.5325pt>
File: logos/logo su fsi.png Graphic file (type png)
<use logos/logo su fsi.png>
Package pdftex.def Info: logos/logo su fsi.png  used on input line 40.
(pdftex.def)             Requested size: 141.8628pt x 56.9055pt.
LaTeX Font Info:    Trying to load font information for OT1+lmr on input line 40.
 (C:\Users\Clément\AppData\Local\Programs\MiKTeX\tex/latex/lm\ot1lmr.fd
File: ot1lmr.fd 2015/05/01 v1.6.1 Font defs for Latin Modern
)
LaTeX Font Info:    Trying to load font information for OML+lmm on input line 40.
 (C:\Users\Clément\AppData\Local\Programs\MiKTeX\tex/latex/lm\omllmm.fd
File: omllmm.fd 2015/05/01 v1.6.1 Font defs for Latin Modern
)
LaTeX Font Info:    Trying to load font information for OMS+lmsy on input line 40.
 (C:\Users\Clément\AppData\Local\Programs\MiKTeX\tex/latex/lm\omslmsy.fd
File: omslmsy.fd 2015/05/01 v1.6.1 Font defs for Latin Modern
)
LaTeX Font Info:    Trying to load font information for OMX+lmex on input line 40.
 (C:\Users\Clément\AppData\Local\Programs\MiKTeX\tex/latex/lm\omxlmex.fd
File: omxlmex.fd 2015/05/01 v1.6.1 Font defs for Latin Modern
)
LaTeX Font Info:    External font `lmex10' loaded for size
(Font)              <10.95> on input line 40.
LaTeX Font Info:    External font `lmex10' loaded for size
(Font)              <8> on input line 40.
LaTeX Font Info:    External font `lmex10' loaded for size
(Font)              <6> on input line 40.
LaTeX Font Info:    Trying to load font information for U+msa on input line 40.
 (C:\Users\Clément\AppData\Local\Programs\MiKTeX\tex/latex/amsfonts\umsa.fd
File: umsa.fd 2013/01/14 v3.01 AMS symbols A
)
LaTeX Font Info:    Trying to load font information for U+msb on input line 40.
 (C:\Users\Clément\AppData\Local\Programs\MiKTeX\tex/latex/amsfonts\umsb.fd
File: umsb.fd 2013/01/14 v3.01 AMS symbols B
) [1

{C:/Users/Clément/AppData/Local/MiKTeX/fonts/map/pdftex/pdftex.map}{C:/Users/Clément/AppData/Local/Programs/MiKTeX/fonts/enc/dvips/lm/lm-ec.enc} <./logos/logo_tokyo.png> <./logos/logo su fsi.png>]
pdfTeX warning (ext4): destination with the same identifier (name{page.1}) has been already used, duplicate ignored
<to be read again> 
                   \relax 
l.54 \clearpage
                [1

] (main.toc)
\tf@toc=\write6
\openout6 = `main.toc'.


pdfTeX warning (ext4): destination with the same identifier (name{page.1}) has been already used, duplicate ignored
<to be read again> 
                   \relax 
l.57 \tabledematieres
                       % Command already present in your .cls file! [1

]
<Introduction/Nakashima_site_1.png, id=191, 244.66406pt x 174.6525pt>
File: Introduction/Nakashima_site_1.png Graphic file (type png)
<use Introduction/Nakashima_site_1.png>
Package pdftex.def Info: Introduction/Nakashima_site_1.png  used on input line 74.
(pdftex.def)             Requested size: 179.25157pt x 127.96162pt.
<Introduction/Nakashima_site_5.png, id=192, 1077.27469pt x 630.10406pt>
File: Introduction/Nakashima_site_5.png Graphic file (type png)
<use Introduction/Nakashima_site_5.png>
Package pdftex.def Info: Introduction/Nakashima_site_5.png  used on input line 80.
(pdftex.def)             Requested size: 226.19888pt x 132.2969pt.
 [2 <./Introduction/Nakashima_site_1.png> <./Introduction/Nakashima_site_5.png>]
<Introduction/Nakashima_site_6.png, id=205, 170.13562pt x 99.37125pt>
File: Introduction/Nakashima_site_6.png Graphic file (type png)
<use Introduction/Nakashima_site_6.png>
Package pdftex.def Info: Introduction/Nakashima_site_6.png  used on input line 95.
(pdftex.def)             Requested size: 136.57635pt x 79.77458pt.
<Introduction/Nakashima_site_4.png, id=206, 150.5625pt x 112.92188pt>
File: Introduction/Nakashima_site_4.png Graphic file (type png)
<use Introduction/Nakashima_site_4.png>
Package pdftex.def Info: Introduction/Nakashima_site_4.png  used on input line 101.
(pdftex.def)             Requested size: 136.57635pt x 102.442pt.
<Introduction/Nakashima_site_2.png, id=207, 150.5625pt x 112.92188pt>
File: Introduction/Nakashima_site_2.png Graphic file (type png)
<use Introduction/Nakashima_site_2.png>
Package pdftex.def Info: Introduction/Nakashima_site_2.png  used on input line 107.
(pdftex.def)             Requested size: 136.57635pt x 102.442pt.
<Introduction/Model_3D_real_swimmer.png, id=217, 147.168pt x 227.76pt>
File: Introduction/Model_3D_real_swimmer.png Graphic file (type png)
<use Introduction/Model_3D_real_swimmer.png>
Package pdftex.def Info: Introduction/Model_3D_real_swimmer.png  used on input line 125.
(pdftex.def)             Requested size: 101.11934pt x 156.49014pt.
<Introduction/SWUMANOID_Model_3D.png, id=218, 228.10219pt x 356.83313pt>
File: Introduction/SWUMANOID_Model_3D.png Graphic file (type png)
<use Introduction/SWUMANOID_Model_3D.png>
Package pdftex.def Info: Introduction/SWUMANOID_Model_3D.png  used on input line 131.
(pdftex.def)             Requested size: 72.75053pt x 113.81102pt.
 [3 <./Introduction/Nakashima_site_6.png> <./Introduction/Nakashima_site_4.png> <./Introduction/Nakashima_site_2.png> <./Introduction/Model_3D_real_swimmer.png> <./Introduction/SWUMANOID_Model_3D.png>]
<Introduction/SWUMANOID_Front_Picture.png, id=230, 116.435pt x 310.15875pt>
File: Introduction/SWUMANOID_Front_Picture.png Graphic file (type png)
<use Introduction/SWUMANOID_Front_Picture.png>
Package pdftex.def Info: Introduction/SWUMANOID_Front_Picture.png  used on input line 144.
(pdftex.def)             Requested size: 74.76865pt x 199.16928pt.
<Introduction/SWUMANOID_Motors_Ids.png, id=231, 239.39438pt x 590.95781pt>
File: Introduction/SWUMANOID_Motors_Ids.png Graphic file (type png)
<use Introduction/SWUMANOID_Motors_Ids.png>
Package pdftex.def Info: Introduction/SWUMANOID_Motors_Ids.png  used on input line 150.
(pdftex.def)             Requested size: 80.6807pt x 199.16928pt.
<Introduction/Werproof_method.png, id=237, 778.40813pt x 325.96782pt>
File: Introduction/Werproof_method.png Graphic file (type png)
<use Introduction/Werproof_method.png>
Package pdftex.def Info: Introduction/Werproof_method.png  used on input line 163.
(pdftex.def)             Requested size: 362.77525pt x 151.92163pt.
 [4 <./Introduction/SWUMANOID_Front_Picture.png> <./Introduction/SWUMANOID_Motors_Ids.png (PNG copy)>]
<Introduction/SWAM_simulation.png, id=247, 371.13657pt x 472.76625pt>
File: Introduction/SWAM_simulation.png Graphic file (type png)
<use Introduction/SWAM_simulation.png>
Package pdftex.def Info: Introduction/SWAM_simulation.png  used on input line 174.
(pdftex.def)             Requested size: 183.51715pt x 233.77113pt.
<Introduction/SWAM_simulation_with_force.png, id=248, 450.9347pt x 450.18187pt>
File: Introduction/SWAM_simulation_with_force.png Graphic file (type png)
<use Introduction/SWAM_simulation_with_force.png>
Package pdftex.def Info: Introduction/SWAM_simulation_with_force.png  used on input line 180.
(pdftex.def)             Requested size: 204.85802pt x 204.51709pt.
 [5 <./Introduction/Werproof_method.png> <./Introduction/SWAM_simulation.png> <./Introduction/SWAM_simulation_with_force.png>]
LaTeX Font Info:    Trying to load font information for TS1+lmr on input line 189.
 (C:\Users\Clément\AppData\Local\Programs\MiKTeX\tex/latex/lm\ts1lmr.fd
File: ts1lmr.fd 2015/05/01 v1.6.1 Font defs for Latin Modern
)
<Introduction/Swumanoid_test_salle_en_l_air.png, id=262, 793.46437pt x 483.30562pt>
File: Introduction/Swumanoid_test_salle_en_l_air.png Graphic file (type png)
<use Introduction/Swumanoid_test_salle_en_l_air.png>
Package pdftex.def Info: Introduction/Swumanoid_test_salle_en_l_air.png  used on input line 203.
(pdftex.def)             Requested size: 256.07741pt x 155.98102pt.
 [6{C:/Users/Clément/AppData/Local/Programs/MiKTeX/fonts/enc/dvips/lm/lm-ts1.enc} <./Introduction/Swumanoid_test_salle_en_l_air.png>]
<Introduction/atoms3r_main_board.jpg, id=276, 2537.48pt x 1576.89125pt>
File: Introduction/atoms3r_main_board.jpg Graphic file (type jpg)
<use Introduction/atoms3r_main_board.jpg>
Package pdftex.def Info: Introduction/atoms3r_main_board.jpg  used on input line 225.
(pdftex.def)             Requested size: 256.07741pt x 159.11798pt.
 [7]
<Introduction/SWUMANOID_ready_to_swim_pool_room_experiment.png, id=283, 1001.99344pt x 561.59813pt>
File: Introduction/SWUMANOID_ready_to_swim_pool_room_experiment.png Graphic file (type png)
<use Introduction/SWUMANOID_ready_to_swim_pool_room_experiment.png>
Package pdftex.def Info: Introduction/SWUMANOID_ready_to_swim_pool_room_experiment.png  used on input line 236.
(pdftex.def)             Requested size: 298.75264pt x 167.44385pt.
<Introduction/Salle_experience_dispositif.png, id=286, 264.552pt x 146.073pt>
File: Introduction/Salle_experience_dispositif.png Graphic file (type png)
<use Introduction/Salle_experience_dispositif.png>
Package pdftex.def Info: Introduction/Salle_experience_dispositif.png  used on input line 245.
(pdftex.def)             Requested size: 256.07741pt x 141.40309pt.
 [8 <./Introduction/atoms3r_main_board.jpg> <./Introduction/SWUMANOID_ready_to_swim_pool_room_experiment.png>]
LaTeX Font Info:    Trying to load font information for T1+lmtt on input line 263.
 (C:\Users\Clément\AppData\Local\Programs\MiKTeX\tex/latex/lm\t1lmtt.fd
File: t1lmtt.fd 2015/05/01 v1.6.1 Font defs for Latin Modern
) [9 <./Introduction/Salle_experience_dispositif.png>]
<partie2/atoms3_picture.png, id=306, 803.0pt x 803.0pt>
File: partie2/atoms3_picture.png Graphic file (type png)
<use partie2/atoms3_picture.png>
Package pdftex.def Info: partie2/atoms3_picture.png  used on input line 273.
(pdftex.def)             Requested size: 170.71393pt x 170.70569pt.
<partie2/atoms3r_picture.png, id=307, 803.0pt x 803.0pt>
File: partie2/atoms3r_picture.png Graphic file (type png)
<use partie2/atoms3r_picture.png>
Package pdftex.def Info: partie2/atoms3r_picture.png  used on input line 279.
(pdftex.def)             Requested size: 170.71393pt x 170.70569pt.
 [10 <./partie2/atoms3_picture.png> <./partie2/atoms3r_picture.png>]
<Interfaces/0_old_interface_begining.png, id=324, 900.36375pt x 639.13782pt>
File: Interfaces/0_old_interface_begining.png Graphic file (type png)
<use Interfaces/0_old_interface_begining.png>
Package pdftex.def Info: Interfaces/0_old_interface_begining.png  used on input line 330.
(pdftex.def)             Requested size: 204.85802pt x 145.4187pt.
<Interfaces/1_change_RSSI_log.png, id=325, 959.83594pt x 676.77844pt>
File: Interfaces/1_change_RSSI_log.png Graphic file (type png)
<use Interfaces/1_change_RSSI_log.png>
Package pdftex.def Info: Interfaces/1_change_RSSI_log.png  used on input line 337.
(pdftex.def)             Requested size: 204.85802pt x 144.44087pt.
 [11]
<Interfaces/2_change_3D_Visualisation_with_angle.png, id=337, 889.07156pt x 699.36281pt>
File: Interfaces/2_change_3D_Visualisation_with_angle.png Graphic file (type png)
<use Interfaces/2_change_3D_Visualisation_with_angle.png>
Package pdftex.def Info: Interfaces/2_change_3D_Visualisation_with_angle.png  used on input line 360.
(pdftex.def)             Requested size: 256.07741pt x 201.43341pt.
 [12{C:/Users/Clément/AppData/Local/Programs/MiKTeX/fonts/enc/dvips/lm/lm-mathsy.enc}{C:/Users/Clément/AppData/Local/Programs/MiKTeX/fonts/enc/dvips/lm/lm-rm.enc} <./Interfaces/0_old_interface_begining.png> <./Interfaces/1_change_RSSI_log.png>]
Underfull \hbox (badness 10000) in paragraph at lines 365--366

 []


Underfull \hbox (badness 10000) in paragraph at lines 370--372

 []

[13{C:/Users/Clément/AppData/Local/Programs/MiKTeX/fonts/enc/dvips/lm/lm-mathit.enc} <./Interfaces/2_change_3D_Visualisation_with_angle.png>]
Underfull \hbox (badness 10000) in paragraph at lines 393--395

 []

<Interfaces/4_motion_control.png, id=364, 271.76532pt x 507.39563pt>
File: Interfaces/4_motion_control.png Graphic file (type png)
<use Interfaces/4_motion_control.png>
Package pdftex.def Info: Interfaces/4_motion_control.png  used on input line 411.
(pdftex.def)             Requested size: 89.62578pt x 167.33269pt.
<Interfaces/4_motion_settings.png, id=365, 269.50688pt x 279.29344pt>
File: Interfaces/4_motion_settings.png Graphic file (type png)
<use Interfaces/4_motion_settings.png>
Package pdftex.def Info: Interfaces/4_motion_settings.png  used on input line 418.
(pdftex.def)             Requested size: 149.37958pt x 154.80513pt.
[14]
<Interfaces/3_scan_motors.png, id=375, 720.44156pt x 657.95813pt>
File: Interfaces/3_scan_motors.png Graphic file (type png)
<use Interfaces/3_scan_motors.png>
Package pdftex.def Info: Interfaces/3_scan_motors.png  used on input line 431.
(pdftex.def)             Requested size: 196.32687pt x 179.29756pt.
<Interfaces/3_scan_motors_example.png, id=376, 285.31593pt x 342.5297pt>
File: Interfaces/3_scan_motors_example.png Graphic file (type png)
<use Interfaces/3_scan_motors_example.png>
Package pdftex.def Info: Interfaces/3_scan_motors_example.png  used on input line 438.
(pdftex.def)             Requested size: 128.0387pt x 153.71358pt.
 [15 <./Interfaces/4_motion_control.png> <./Interfaces/4_motion_settings.png> <./Interfaces/3_scan_motors.png> <./Interfaces/3_scan_motors_example.png>]
<Interfaces/6_final_interface_with_angles_roll_yaw_pitch.png, id=387, 1433.355pt x 712.16063pt>
File: Interfaces/6_final_interface_with_angles_roll_yaw_pitch.png Graphic file (type png)
<use Interfaces/6_final_interface_with_angles_roll_yaw_pitch.png>
Package pdftex.def Info: Interfaces/6_final_interface_with_angles_roll_yaw_pitch.png  used on input line 450.
(pdftex.def)             Requested size: 320.0935pt x 159.03389pt.


LaTeX Warning: `h' float specifier changed to `ht'.

LaTeX Font Info:    Trying to load font information for OT1+lmtt on input line 478.
(C:\Users\Clément\AppData\Local\Programs\MiKTeX\tex/latex/lm\ot1lmtt.fd
File: ot1lmtt.fd 2015/05/01 v1.6.1 Font defs for Latin Modern
) [16 <./Interfaces/6_final_interface_with_angles_roll_yaw_pitch.png>]
<Interfaces/5_logs_svg_scheme.png, id=398, 274.02374pt x 661.72218pt>
File: Interfaces/5_logs_svg_scheme.png Graphic file (type png)
<use Interfaces/5_logs_svg_scheme.png>
Package pdftex.def Info: Interfaces/5_logs_svg_scheme.png  used on input line 495.
(pdftex.def)             Requested size: 89.62904pt x 216.44046pt.
<Interfaces/5_logs_example_sampling.png, id=399, 271.76532pt x 264.23718pt>
File: Interfaces/5_logs_example_sampling.png Graphic file (type png)
<use Interfaces/5_logs_example_sampling.png>
Package pdftex.def Info: Interfaces/5_logs_example_sampling.png  used on input line 502.
(pdftex.def)             Requested size: 234.73654pt x 228.24348pt.
 [17{C:/Users/Clément/AppData/Local/Programs/MiKTeX/fonts/enc/dvips/lm/lm-rmtt.enc}] [18{C:/Users/Clément/AppData/Local/Programs/MiKTeX/fonts/enc/dvips/lm/lm-mathex.enc} <./Interfaces/5_logs_svg_scheme.png> <./Interfaces/5_logs_example_sampling.png>] [19]
<schemas/First_test_schema_xm_xw_motors.png, id=426, 544.28343pt x 284.56313pt>
File: schemas/First_test_schema_xm_xw_motors.png Graphic file (type png)
<use schemas/First_test_schema_xm_xw_motors.png>
Package pdftex.def Info: schemas/First_test_schema_xm_xw_motors.png  used on input line 549.
(pdftex.def)             Requested size: 298.75264pt x 156.19322pt.
 [20 <./schemas/First_test_schema_xm_xw_motors.png>] [21]
<composants/atoms3r_pinout.png, id=453, 406.51875pt x 405.515pt>
File: composants/atoms3r_pinout.png Graphic file (type png)
<use composants/atoms3r_pinout.png>
Package pdftex.def Info: composants/atoms3r_pinout.png  used on input line 583.
(pdftex.def)             Requested size: 115.23547pt x 114.94801pt.
<composants/MAX3485_avec_broche_EN.jpg, id=454, 501.875pt x 501.875pt>
File: composants/MAX3485_avec_broche_EN.jpg Graphic file (type jpg)
<use composants/MAX3485_avec_broche_EN.jpg>
Package pdftex.def Info: composants/MAX3485_avec_broche_EN.jpg  used on input line 590.
(pdftex.def)             Requested size: 132.30428pt x 132.30702pt.
<composants/DCDC_converter.jpeg, id=455, 501.875pt x 501.875pt>
File: composants/DCDC_converter.jpeg Graphic file (type jpg)
<use composants/DCDC_converter.jpeg>
Package pdftex.def Info: composants/DCDC_converter.jpeg  used on input line 597.
(pdftex.def)             Requested size: 132.30428pt x 132.30702pt.
 [22 <./composants/atoms3r_pinout.png> <./composants/MAX3485_avec_broche_EN.jpg> <./composants/DCDC_converter.jpeg>]
<schemas/swumanoid_motor_map.png, id=471, 383.93437pt x 447.92343pt>
File: schemas/swumanoid_motor_map.png Graphic file (type png)
<use schemas/swumanoid_motor_map.png>
Package pdftex.def Info: schemas/swumanoid_motor_map.png  used on input line 614.
(pdftex.def)             Requested size: 195.10092pt x 227.62204pt.

Overfull \hbox (7.31169pt too wide) in paragraph at lines 614--615
 [][] 
 []

<composants/XW_series_motors_dynamixel.png, id=472, 701.62125pt x 905.3825pt>
File: composants/XW_series_motors_dynamixel.png Graphic file (type png)
<use composants/XW_series_motors_dynamixel.png>
Package pdftex.def Info: composants/XW_series_motors_dynamixel.png  used on input line 621.
(pdftex.def)             Requested size: 110.23828pt x 142.26378pt.

Overfull \hbox (7.80602pt too wide) in paragraph at lines 621--622
 [][] 
 []

<composants/xm540-w150.jpg, id=473, 271.76532pt x 374.14781pt>
File: composants/xm540-w150.jpg Graphic file (type jpg)
<use composants/xm540-w150.jpg>
Package pdftex.def Info: composants/xm540-w150.jpg  used on input line 628.
(pdftex.def)             Requested size: 103.33409pt x 142.26378pt.

Overfull \hbox (0.90182pt too wide) in paragraph at lines 628--629
 [][] 
 []

[23 <./schemas/swumanoid_motor_map.png> <./composants/XW_series_motors_dynamixel.png> <./composants/xm540-w150.jpg>]
<schemas/schema_5_moteurs_haut_baudrate.png, id=486, 1541.76pt x 687.31781pt>
File: schemas/schema_5_moteurs_haut_baudrate.png Graphic file (type png)
<use schemas/schema_5_moteurs_haut_baudrate.png>
Package pdftex.def Info: schemas/schema_5_moteurs_haut_baudrate.png  used on input line 640.
(pdftex.def)             Requested size: 341.43437pt x 152.20671pt.
 [24 <./schemas/schema_5_moteurs_haut_baudrate.png (PNG copy)>]
<graphiques/202607241639_ID_4_200Hz.png, id=495, 4516.875pt x 2409.0pt>
File: graphiques/202607241639_ID_4_200Hz.png Graphic file (type png)
<use graphiques/202607241639_ID_4_200Hz.png>
Package pdftex.def Info: graphiques/202607241639_ID_4_200Hz.png  used on input line 663.
(pdftex.def)             Requested size: 384.1096pt x 204.85419pt.
 [25 <./graphiques/202607241639_ID_4_200Hz.png>]
<graphiques/log_1mot_200Hz.png, id=504, 902.6523pt x 604.1772pt>
File: graphiques/log_1mot_200Hz.png Graphic file (type png)
<use graphiques/log_1mot_200Hz.png>
Package pdftex.def Info: graphiques/log_1mot_200Hz.png  used on input line 676.
(pdftex.def)             Requested size: 209.1301pt x 139.97191pt.
LaTeX Font Info:    External font `lmex10' loaded for size
(Font)              <10> on input line 677.
LaTeX Font Info:    External font `lmex10' loaded for size
(Font)              <7> on input line 677.
LaTeX Font Info:    External font `lmex10' loaded for size
(Font)              <5> on input line 677.
<graphiques/log_3mot_200Hz.png, id=505, 902.6523pt x 604.1772pt>
File: graphiques/log_3mot_200Hz.png Graphic file (type png)
<use graphiques/log_3mot_200Hz.png>
Package pdftex.def Info: graphiques/log_3mot_200Hz.png  used on input line 682.
(pdftex.def)             Requested size: 209.1301pt x 139.97191pt.
<graphiques/log_4mot_200Hz.png, id=506, 902.6523pt x 604.1772pt>
File: graphiques/log_4mot_200Hz.png Graphic file (type png)
<use graphiques/log_4mot_200Hz.png>
Package pdftex.def Info: graphiques/log_4mot_200Hz.png  used on input line 689.
(pdftex.def)             Requested size: 209.1301pt x 139.97191pt.
<graphiques/log_5mot_200Hz.png, id=507, 902.6523pt x 604.1772pt>
File: graphiques/log_5mot_200Hz.png Graphic file (type png)
<use graphiques/log_5mot_200Hz.png>
Package pdftex.def Info: graphiques/log_5mot_200Hz.png  used on input line 695.
(pdftex.def)             Requested size: 209.1301pt x 139.97191pt.


LaTeX Warning: Reference `fig:lowfreq' on page 26 undefined on input line 706.

[26 <./graphiques/log_1mot_200Hz.png> <./graphiques/log_3mot_200Hz.png> <./graphiques/log_4mot_200Hz.png> <./graphiques/log_5mot_200Hz.png>]
<graphiques/log_36Hz_1mot.png, id=520, 902.6523pt x 604.1772pt>
File: graphiques/log_36Hz_1mot.png Graphic file (type png)
<use graphiques/log_36Hz_1mot.png>
Package pdftex.def Info: graphiques/log_36Hz_1mot.png  used on input line 762.
(pdftex.def)             Requested size: 204.85802pt x 137.11403pt.
<graphiques/log_36Hz_5mot.png, id=521, 902.6523pt x 604.1772pt>
File: graphiques/log_36Hz_5mot.png Graphic file (type png)
<use graphiques/log_36Hz_5mot.png>
Package pdftex.def Info: graphiques/log_36Hz_5mot.png  used on input line 769.
(pdftex.def)             Requested size: 204.85802pt x 137.11403pt.
<graphiques/log_72Hz_1mot.png, id=522, 902.6523pt x 604.1772pt>
File: graphiques/log_72Hz_1mot.png Graphic file (type png)
<use graphiques/log_72Hz_1mot.png>
Package pdftex.def Info: graphiques/log_72Hz_1mot.png  used on input line 779.
(pdftex.def)             Requested size: 204.85802pt x 137.11403pt.
<graphiques/log_72Hz_5mot.png, id=523, 902.6523pt x 604.1772pt>
File: graphiques/log_72Hz_5mot.png Graphic file (type png)
<use graphiques/log_72Hz_5mot.png>
Package pdftex.def Info: graphiques/log_72Hz_5mot.png  used on input line 786.
(pdftex.def)             Requested size: 204.85802pt x 137.11403pt.
<graphiques/log_100Hz_1mot.png, id=524, 902.6523pt x 604.1772pt>
File: graphiques/log_100Hz_1mot.png Graphic file (type png)
<use graphiques/log_100Hz_1mot.png>
Package pdftex.def Info: graphiques/log_100Hz_1mot.png  used on input line 796.
(pdftex.def)             Requested size: 204.85802pt x 137.11403pt.
<graphiques/log_100Hz_5mot.png, id=525, 902.6523pt x 604.1772pt>
File: graphiques/log_100Hz_5mot.png Graphic file (type png)
<use graphiques/log_100Hz_5mot.png>
Package pdftex.def Info: graphiques/log_100Hz_5mot.png  used on input line 803.
(pdftex.def)             Requested size: 204.85802pt x 137.11403pt.
 [27 <./graphiques/log_36Hz_1mot.png> <./graphiques/log_36Hz_5mot.png> <./graphiques/log_72Hz_1mot.png> <./graphiques/log_72Hz_5mot.png> <./graphiques/log_100Hz_1mot.png> <./graphiques/log_100Hz_5mot.png>] [28] [29]
<graphiques/log_5mot_dur1.png, id=563, 902.6523pt x 604.1772pt>
File: graphiques/log_5mot_dur1.png Graphic file (type png)
<use graphiques/log_5mot_dur1.png>
Package pdftex.def Info: graphiques/log_5mot_dur1.png  used on input line 879.
(pdftex.def)             Requested size: 209.1301pt x 139.97191pt.
<graphiques/log_5mot_dur2.png, id=564, 902.6523pt x 604.1772pt>
File: graphiques/log_5mot_dur2.png Graphic file (type png)
<use graphiques/log_5mot_dur2.png>
Package pdftex.def Info: graphiques/log_5mot_dur2.png  used on input line 884.
(pdftex.def)             Requested size: 209.1301pt x 139.97191pt.
<graphiques/log_5mot_dur3.png, id=565, 902.6523pt x 604.1772pt>
File: graphiques/log_5mot_dur3.png Graphic file (type png)
<use graphiques/log_5mot_dur3.png>
Package pdftex.def Info: graphiques/log_5mot_dur3.png  used on input line 890.
(pdftex.def)             Requested size: 209.1301pt x 139.97191pt.
<graphiques/log_5mot_dur4.png, id=566, 902.6523pt x 604.1772pt>
File: graphiques/log_5mot_dur4.png Graphic file (type png)
<use graphiques/log_5mot_dur4.png>
Package pdftex.def Info: graphiques/log_5mot_dur4.png  used on input line 895.
(pdftex.def)             Requested size: 209.1301pt x 139.97191pt.
 [30 <./graphiques/log_5mot_dur1.png> <./graphiques/log_5mot_dur2.png> <./graphiques/log_5mot_dur3.png> <./graphiques/log_5mot_dur4.png>]
<graphiques_swumanoid/swum_1mot_3f.png, id=579, 902.6523pt x 587.3142pt>
File: graphiques_swumanoid/swum_1mot_3f.png Graphic file (type png)
<use graphiques_swumanoid/swum_1mot_3f.png>
Package pdftex.def Info: graphiques_swumanoid/swum_1mot_3f.png  used on input line 919.
(pdftex.def)             Requested size: 204.85802pt x 133.28708pt.
<graphiques_swumanoid/swum_3mot_3f.png, id=580, 912.2883pt x 587.3142pt>
File: graphiques_swumanoid/swum_3mot_3f.png Graphic file (type png)
<use graphiques_swumanoid/swum_3mot_3f.png>
Package pdftex.def Info: graphiques_swumanoid/swum_3mot_3f.png  used on input line 924.
(pdftex.def)             Requested size: 204.85802pt x 131.8801pt.
<graphiques_swumanoid/swum_6mot_3f.png, id=581, 915.1791pt x 587.3142pt>
File: graphiques_swumanoid/swum_6mot_3f.png Graphic file (type png)
<use graphiques_swumanoid/swum_6mot_3f.png>
Package pdftex.def Info: graphiques_swumanoid/swum_6mot_3f.png  used on input line 930.
(pdftex.def)             Requested size: 204.85802pt x 131.46786pt.
<graphiques_swumanoid/swum_21mot_3f.png, id=582, 916.6245pt x 587.3142pt>
File: graphiques_swumanoid/swum_21mot_3f.png Graphic file (type png)
<use graphiques_swumanoid/swum_21mot_3f.png>
Package pdftex.def Info: graphiques_swumanoid/swum_21mot_3f.png  used on input line 935.
(pdftex.def)             Requested size: 204.85802pt x 131.25278pt.
 [31]
<graphiques_swumanoid/swum_11mot_6f.png, id=591, 918.0699pt x 587.3142pt>
File: graphiques_swumanoid/swum_11mot_6f.png Graphic file (type png)
<use graphiques_swumanoid/swum_11mot_6f.png>
Package pdftex.def Info: graphiques_swumanoid/swum_11mot_6f.png  used on input line 949.
(pdftex.def)             Requested size: 204.85802pt x 131.04666pt.
<graphiques_swumanoid/swum_21mot_6f.png, id=592, 916.6245pt x 587.3142pt>
File: graphiques_swumanoid/swum_21mot_6f.png Graphic file (type png)
<use graphiques_swumanoid/swum_21mot_6f.png>
Package pdftex.def Info: graphiques_swumanoid/swum_21mot_6f.png  used on input line 954.
(pdftex.def)             Requested size: 204.85802pt x 131.25278pt.
 [32 <./graphiques_swumanoid/swum_1mot_3f.png> <./graphiques_swumanoid/swum_3mot_3f.png> <./graphiques_swumanoid/swum_6mot_3f.png> <./graphiques_swumanoid/swum_21mot_3f.png>]
<graphiques_swumanoid/swum_21mot_6f_cmd1p80.png, id=605, 916.6245pt x 587.3142pt>
File: graphiques_swumanoid/swum_21mot_6f_cmd1p80.png Graphic file (type png)
<use graphiques_swumanoid/swum_21mot_6f_cmd1p80.png>
Package pdftex.def Info: graphiques_swumanoid/swum_21mot_6f_cmd1p80.png  used on input line 967.
(pdftex.def)             Requested size: 204.85802pt x 131.25278pt.
<graphiques_swumanoid/swum_21mot_6f_cmd1p90.png, id=606, 916.6245pt x 587.3142pt>
File: graphiques_swumanoid/swum_21mot_6f_cmd1p90.png Graphic file (type png)
<use graphiques_swumanoid/swum_21mot_6f_cmd1p90.png>
Package pdftex.def Info: graphiques_swumanoid/swum_21mot_6f_cmd1p90.png  used on input line 973.
(pdftex.def)             Requested size: 204.85802pt x 131.25278pt.
<graphiques_swumanoid/swum_21mot_6f_cmd2p00.png, id=607, 916.6245pt x 587.3142pt>
File: graphiques_swumanoid/swum_21mot_6f_cmd2p00.png Graphic file (type png)
<use graphiques_swumanoid/swum_21mot_6f_cmd2p00.png>
Package pdftex.def Info: graphiques_swumanoid/swum_21mot_6f_cmd2p00.png  used on input line 979.
(pdftex.def)             Requested size: 204.85802pt x 131.25278pt.
File: graphiques_swumanoid/swum_21mot_6f.png Graphic file (type png)
<use graphiques_swumanoid/swum_21mot_6f.png>
Package pdftex.def Info: graphiques_swumanoid/swum_21mot_6f.png  used on input line 984.
(pdftex.def)             Requested size: 204.85802pt x 131.25278pt.
 [33 <./graphiques_swumanoid/swum_11mot_6f.png> <./graphiques_swumanoid/swum_21mot_6f.png>] [34 <./graphiques_swumanoid/swum_21mot_6f_cmd1p80.png> <./graphiques_swumanoid/swum_21mot_6f_cmd1p90.png> <./graphiques_swumanoid/swum_21mot_6f_cmd2p00.png>]
Underfull \hbox (badness 10000) in paragraph at lines 1023--1024

 []


Underfull \hbox (badness 10000) in paragraph at lines 1025--1026

 []


Underfull \hbox (badness 10000) in paragraph at lines 1027--1028

 []


Underfull \hbox (badness 10000) in paragraph at lines 1029--1030

 []

[35] [36]
<graphiques/202607141616_ID_4_Spline_Cubic_Pure_90Hz.png, id=641, 1084.05pt x 578.16pt>
File: graphiques/202607141616_ID_4_Spline_Cubic_Pure_90Hz.png Graphic file (type png)
<use graphiques/202607141616_ID_4_Spline_Cubic_Pure_90Hz.png>
Package pdftex.def Info: graphiques/202607141616_ID_4_Spline_Cubic_Pure_90Hz.png  used on input line 1070.
(pdftex.def)             Requested size: 341.43437pt x 182.0949pt.
<graphiques/202607141612_ID_4_Spline_Cubic_Pure_50Hz.png, id=643, 1084.05pt x 578.16pt>
File: graphiques/202607141612_ID_4_Spline_Cubic_Pure_50Hz.png Graphic file (type png)
<use graphiques/202607141612_ID_4_Spline_Cubic_Pure_50Hz.png>
Package pdftex.def Info: graphiques/202607141612_ID_4_Spline_Cubic_Pure_50Hz.png  used on input line 1079.
(pdftex.def)             Requested size: 341.43437pt x 182.0949pt.
 [37 <./graphiques/202607141616_ID_4_Spline_Cubic_Pure_90Hz.png>]
<graphiques/202607141611_ID_4_Spline_Cubic_Pure_36Hz.png, id=654, 1084.05pt x 578.16pt>
File: graphiques/202607141611_ID_4_Spline_Cubic_Pure_36Hz.png Graphic file (type png)
<use graphiques/202607141611_ID_4_Spline_Cubic_Pure_36Hz.png>
Package pdftex.def Info: graphiques/202607141611_ID_4_Spline_Cubic_Pure_36Hz.png  used on input line 1088.
(pdftex.def)             Requested size: 341.43437pt x 182.0949pt.
 [38 <./graphiques/202607141612_ID_4_Spline_Cubic_Pure_50Hz.png> <./graphiques/202607141611_ID_4_Spline_Cubic_Pure_36Hz.png>]
LaTeX Font Info:    Trying to load font information for OT1+lmss on input line 1127.
 (C:\Users\Clément\AppData\Local\Programs\MiKTeX\tex/latex/lm\ot1lmss.fd
File: ot1lmss.fd 2015/05/01 v1.6.1 Font defs for Latin Modern
) [39]
Underfull \hbox (badness 10000) in paragraph at lines 1166--1168

 []

[40]
<graphiques/202607141717_ID_4_Spline_Cubique_Periodique_36Hz.png, id=688, 1084.05pt x 578.16pt>
File: graphiques/202607141717_ID_4_Spline_Cubique_Periodique_36Hz.png Graphic file (type png)
<use graphiques/202607141717_ID_4_Spline_Cubique_Periodique_36Hz.png>
Package pdftex.def Info: graphiques/202607141717_ID_4_Spline_Cubique_Periodique_36Hz.png  used on input line 1203.
(pdftex.def)             Requested size: 341.43437pt x 182.0949pt.
 [41 <./graphiques/202607141717_ID_4_Spline_Cubique_Periodique_36Hz.png>]
<graphiques/202607141720_ID_4_Spline_Cubique_50Hz.png, id=702, 1084.05pt x 578.16pt>
File: graphiques/202607141720_ID_4_Spline_Cubique_50Hz.png Graphic file (type png)
<use graphiques/202607141720_ID_4_Spline_Cubique_50Hz.png>
Package pdftex.def Info: graphiques/202607141720_ID_4_Spline_Cubique_50Hz.png  used on input line 1212.
(pdftex.def)             Requested size: 341.43437pt x 182.0949pt.
<graphiques/202607141725_ID_4_Spline_Cubique_Periodique_90Hz.png, id=704, 1084.05pt x 578.16pt>
File: graphiques/202607141725_ID_4_Spline_Cubique_Periodique_90Hz.png Graphic file (type png)
<use graphiques/202607141725_ID_4_Spline_Cubique_Periodique_90Hz.png>
Package pdftex.def Info: graphiques/202607141725_ID_4_Spline_Cubique_Periodique_90Hz.png  used on input line 1221.
(pdftex.def)             Requested size: 341.43437pt x 182.0949pt.

Underfull \hbox (badness 10000) in paragraph at lines 1226--1227

 []

[42 <./graphiques/202607141720_ID_4_Spline_Cubique_50Hz.png> <./graphiques/202607141725_ID_4_Spline_Cubique_Periodique_90Hz.png>]
<schemas/IMU-AtomS3R_Defaut_Axes.png, id=714, 119.0046pt x 117.5592pt>
File: schemas/IMU-AtomS3R_Defaut_Axes.png Graphic file (type png)
<use schemas/IMU-AtomS3R_Defaut_Axes.png>
Package pdftex.def Info: schemas/IMU-AtomS3R_Defaut_Axes.png  used on input line 1267.
(pdftex.def)             Requested size: 106.69783pt x 105.40405pt.
 [43]
<schemas/AtomS3R_SWUMANOID_orientation_side_view.png, id=726, 1125.45468pt x 203.25937pt>
File: schemas/AtomS3R_SWUMANOID_orientation_side_view.png Graphic file (type png)
<use schemas/AtomS3R_SWUMANOID_orientation_side_view.png>
Package pdftex.def Info: schemas/AtomS3R_SWUMANOID_orientation_side_view.png  used on input line 1279.
(pdftex.def)             Requested size: 405.45047pt x 73.22603pt.
<schemas/AtomS3R_SWUMANOID_orientation_Back_View.png, id=727, 1038.12843pt x 352.31625pt>
File: schemas/AtomS3R_SWUMANOID_orientation_Back_View.png Graphic file (type png)
<use schemas/AtomS3R_SWUMANOID_orientation_Back_View.png>
Package pdftex.def Info: schemas/AtomS3R_SWUMANOID_orientation_Back_View.png  used on input line 1287.
(pdftex.def)             Requested size: 405.45047pt x 137.59631pt.
 [44 <./schemas/IMU-AtomS3R_Defaut_Axes.png> <./schemas/AtomS3R_SWUMANOID_orientation_side_view.png (PNG copy)> <./schemas/AtomS3R_SWUMANOID_orientation_Back_View.png (PNG copy)>] [45] [46]
<schemas/AtomS3R_SWUMANOID_orientation_side_view_zoomed.png, id=769, 724.95844pt x 566.115pt>
File: schemas/AtomS3R_SWUMANOID_orientation_side_view_zoomed.png Graphic file (type png)
<use schemas/AtomS3R_SWUMANOID_orientation_side_view_zoomed.png>
Package pdftex.def Info: schemas/AtomS3R_SWUMANOID_orientation_side_view_zoomed.png  used on input line 1378.
(pdftex.def)             Requested size: 256.07741pt x 199.96588pt.
 [47 <./schemas/AtomS3R_SWUMANOID_orientation_side_view_zoomed.png (PNG copy)>]
<schemas/AtomS3r_Changement_Repere_Transformation.png, id=780, 631.60968pt x 402.75468pt>
File: schemas/AtomS3r_Changement_Repere_Transformation.png Graphic file (type png)
<use schemas/AtomS3r_Changement_Repere_Transformation.png>
Package pdftex.def Info: schemas/AtomS3r_Changement_Repere_Transformation.png  used on input line 1391.
(pdftex.def)             Requested size: 341.43437pt x 217.72395pt.

Overfull \hbox (3.15495pt too wide) in paragraph at lines 1414--1415
\T1/lmr/m/n/10.95 a-lent quater-nion, to elim-i-nate any sin-gu-lar-ity. With the axis--angle parametriza-tion $\OML/lmm/m/it/10.95 q[]\OT1/lmr/m/n/10.95 (\OML/lmm/m/it/10.95 ^^M\OT1/lmr/m/n/10.95 ) =
 []

[48 <./schemas/AtomS3r_Changement_Repere_Transformation.png>] [49] [50] [51] (main.bbl
Underfull \hbox (badness 4229) in paragraph at lines 11--17
[]\T1/lmr/m/n/10.95 Motomu Nakashima.  Mo-tomu nakashima lab-o-ra-tory - re-search projects.
 []


Underfull \hbox (badness 10000) in paragraph at lines 11--17
[]$\T1/lmtt/m/n/10.95 https : / / www . hei . sc . e . titech . ac . jp / nakashima _ labo / motomu / index2 . html$[]\T1/lmr/m/n/10.95 ,
 []

[52

]) [53] (main.aux)
 ***********
LaTeX2e <2025-11-01>
L3 programming layer <2025-12-24>
 ***********


LaTeX Warning: There were undefined references.

Package rerunfilecheck Info: File `main.out' has not changed.
(rerunfilecheck)             Checksum: C95840C0F749DA339DD6DD0B5E610633;4906.
 ) 
Here is how much of TeX's memory you used:
 38457 strings out of 467871
 834931 string characters out of 5416924
 1340301 words of memory out of 5000000
 66469 multiletter control sequences out of 15000+600000
 732598 words of font info for 113 fonts, out of 8000000 for 9000
 1141 hyphenation exceptions out of 8191
 125i,15n,122p,1169b,1180s stack positions out of 10000i,1000n,20000p,200000b,200000s
<C:/Users/Clément/AppData/Local/Programs/MiKTeX/fonts/type1/public/lm/lmbx10.pfb><C:/Users/Clément/AppData/Local/Programs/MiKTeX/fonts/type1/public/lm/lmbx12.pfb><C:/Users/Clément/AppData/Local/Programs/MiKTeX/fonts/type1/public/lm/lmbx8.pfb><C:/Users/Clément/AppData/Local/Programs/MiKTeX/fonts/type1/public/lm/lmbxi10.pfb><C:/Users/Clément/AppData/Local/Programs/MiKTeX/fonts/type1/public/lm/lmcsc10.pfb><C:/Users/Clément/AppData/Local/Programs/MiKTeX/fonts/type1/public/lm/lmex10.pfb><C:/Users/Clément/AppData/Local/Programs/MiKTeX/fonts/type1/public/lm/lmmi10.pfb><C:/Users/Clément/AppData/Local/Programs/MiKTeX/fonts/type1/public/lm/lmmi6.pfb><C:/Users/Clément/AppData/Local/Programs/MiKTeX/fonts/type1/public/lm/lmmi8.pfb><C:/Users/Clément/AppData/Local/Programs/MiKTeX/fonts/type1/public/lm/lmmib10.pfb><C:/Users/Clément/AppData/Local/Programs/MiKTeX/fonts/type1/public/lm/lmr10.pfb><C:/Users/Clément/AppData/Local/Programs/MiKTeX/fonts/type1/public/lm/lmr12.pfb><C:/Users/Clément/AppData/Local/Programs/MiKTeX/fonts/type1/public/lm/lmr8.pfb><C:/Users/Clément/AppData/Local/Programs/MiKTeX/fonts/type1/public/lm/lmri10.pfb><C:/Users/Clément/AppData/Local/Programs/MiKTeX/fonts/type1/public/lm/lmss8.pfb><C:/Users/Clément/AppData/Local/Programs/MiKTeX/fonts/type1/public/lm/lmsy10.pfb><C:/Users/Clément/AppData/Local/Programs/MiKTeX/fonts/type1/public/lm/lmsy6.pfb><C:/Users/Clément/AppData/Local/Programs/MiKTeX/fonts/type1/public/lm/lmsy8.pfb><C:/Users/Clément/AppData/Local/Programs/MiKTeX/fonts/type1/public/lm/lmtt10.pfb>
Output written on main.pdf (55 pages, 30018352 bytes).
PDF statistics:
 992 PDF objects out of 1000 (max. 8388607)
 239 named destinations out of 1000 (max. 500000)
 714 words of extra memory for PDF output out of 10000 (max. 10000000)

